Archive member included to satisfy reference by file (symbol)

/home/thete/devkitPro/libctru/lib/libctru.a(console.o)
                              main.o (consoleSelect)
/home/thete/devkitPro/libctru/lib/libctru.a(srv.o)
                              filesystem.o (srvGetSessionHandle)
/home/thete/devkitPro/libctru/lib/libctru.a(gfx.o)
                              main.o (gfxSet3D)
/home/thete/devkitPro/libctru/lib/libctru.a(gsp.o)
                              /home/thete/devkitPro/libctru/lib/libctru.a(gfx.o) (gspInit)
/home/thete/devkitPro/libctru/lib/libctru.a(gx.o)
                              /home/thete/devkitPro/libctru/lib/libctru.a(gfx.o) (gxCmdBuf)
/home/thete/devkitPro/libctru/lib/libctru.a(apt.o)
                              main.o (aptMainLoop)
/home/thete/devkitPro/libctru/lib/libctru.a(hid.o)
                              main.o (hidScanInput)
/home/thete/devkitPro/libctru/lib/libctru.a(httpc.o)
                              main.o (httpcExit)
/home/thete/devkitPro/libctru/lib/libctru.a(fs.o)
                              main.o (FS_makePath)
/home/thete/devkitPro/libctru/lib/libctru.a(initSystem.o)
                              /home/thete/devkitPro/libctru/lib/libctru.a(apt.o) (__system_retAddr)
/home/thete/devkitPro/libctru/lib/libctru.a(allocateHeaps.o)
                              /home/thete/devkitPro/libctru/lib/libctru.a(initSystem.o) (__system_allocateHeaps)
/home/thete/devkitPro/libctru/lib/libctru.a(initArgv.o)
                              /home/thete/devkitPro/libctru/lib/libctru.a(initSystem.o) (__system_initArgv)
/home/thete/devkitPro/libctru/lib/libctru.a(svc.o)
                              /home/thete/devkitPro/libctru/lib/libctru.a(allocateHeaps.o) (svcControlMemory)
/home/thete/devkitPro/libctru/lib/libctru.a(stack_adjust.o)
                              /home/thete/devkitPro/devkitARM/bin/../lib/gcc/arm-none-eabi/4.9.2/../../../../arm-none-eabi/lib/armv6k/fpu/3dsx_crt0.o (initSystem)
/home/thete/devkitPro/libctru/lib/libctru.a(default_font.bin.o)
                              /home/thete/devkitPro/libctru/lib/libctru.a(console.o) (default_font_bin)
/home/thete/devkitPro/libctru/lib/libctru.a(vram.o)
                              /home/thete/devkitPro/libctru/lib/libctru.a(gfx.o) (vramAlloc)
/home/thete/devkitPro/libctru/lib/libctru.a(linear.o)
                              /home/thete/devkitPro/libctru/lib/libctru.a(gfx.o) (linearAlloc)
/home/thete/devkitPro/libctru/lib/libctru.a(mem_pool.o)
                              /home/thete/devkitPro/libctru/lib/libctru.a(vram.o) (MemPool::Allocate(MemChunk&, unsigned long, int))
/home/thete/devkitPro/libctru/lib/libctru.a(os.o)
                              /home/thete/devkitPro/libctru/lib/libctru.a(initSystem.o) (__libctru_gtod)
/home/thete/devkitPro/libctru/lib/libctru.a(irrst.o)
                              /home/thete/devkitPro/libctru/lib/libctru.a(hid.o) (irrstScanInput)
/home/thete/devkitPro/libctru/lib/libctru.a(rbtree_init.o)
                              /home/thete/devkitPro/libctru/lib/libctru.a(vram.o) (rbtree_init)
/home/thete/devkitPro/libctru/lib/libctru.a(rbtree_insert.o)
                              /home/thete/devkitPro/libctru/lib/libctru.a(vram.o) (rbtree_insert)
/home/thete/devkitPro/libctru/lib/libctru.a(rbtree_rotate.o)
                              /home/thete/devkitPro/libctru/lib/libctru.a(rbtree_insert.o) (rbtree_rotate)
/home/thete/devkitPro/libctru/lib/libctru.a(rbtree_remove.o)
                              /home/thete/devkitPro/libctru/lib/libctru.a(vram.o) (rbtree_remove)
/home/thete/devkitPro/libctru/lib/libctru.a(rbtree_find.o)
                              /home/thete/devkitPro/libctru/lib/libctru.a(vram.o) (rbtree_find)
/home/thete/devkitPro/libctru/lib/libctru.a(appInit.o)
                              /home/thete/devkitPro/libctru/lib/libctru.a(stack_adjust.o) (__appInit)
/home/thete/devkitPro/libctru/lib/libctru.a(appExit.o)
                              /home/thete/devkitPro/libctru/lib/libctru.a(stack_adjust.o) (__appExit)
/home/thete/devkitPro/libctru/lib/libctru.a(ctru_exit.o)
                              /home/thete/devkitPro/libctru/lib/libctru.a(stack_adjust.o) (__libctru_exit)
/home/thete/devkitPro/libctru/lib/libctru.a(sdmc_dev.o)
                              /home/thete/devkitPro/libctru/lib/libctru.a(appInit.o) (sdmcInit)
/home/thete/devkitPro/libctru/lib/libctru.a(rbtree_iterator.o)
                              /home/thete/devkitPro/libctru/lib/libctru.a(rbtree_remove.o) (rbtree_node_next)
/home/thete/devkitPro/libctru/lib/libctru.a(utf16_to_utf8.o)
                              /home/thete/devkitPro/libctru/lib/libctru.a(sdmc_dev.o) (utf16_to_utf8)
/home/thete/devkitPro/libctru/lib/libctru.a(decode_utf16.o)
                              /home/thete/devkitPro/libctru/lib/libctru.a(utf16_to_utf8.o) (decode_utf16)
/home/thete/devkitPro/libctru/lib/libctru.a(decode_utf8.o)
[...]
Memory Configuration

Name             Origin             Length             Attributes
*default*        0x0000000000000000 0xffffffffffffffff

Linker script and memory map

                0x0000000000100000                . = 0x100000
                0x0000000000100000                __start__ = .

.text           0x0000000000100000    0x2d074
 *(.crt0)
 .crt0          0x0000000000100000       0x94 /home/thete/devkitPro/devkitARM/bin/../lib/gcc/arm-none-eabi/4.9.2/../../../../arm-none-eabi/lib/armv6k/fpu/3dsx_crt0.o
                0x0000000000100000                _start
                0x0000000000100008                __service_ptr
                0x000000000010000c                __apt_appid
                0x0000000000100010                __heap_size
                0x0000000000100014                __linear_heap_size
                0x0000000000100018                __system_arglist
                0x000000000010001c                __system_runflags
 *(.init)
 .init          0x0000000000100094        0xc /home/thete/devkitPro/devkitARM/bin/../lib/gcc/arm-none-eabi/4.9.2/armv6k/fpu/crti.o
                0x0000000000100094                _init
 .init          0x00000000001000a0        0xc /home/thete/devkitPro/devkitARM/bin/../lib/gcc/arm-none-eabi/4.9.2/armv6k/fpu/crtn.o
                0x00000000001000ac                . = ALIGN (0x4)
 *(.text)
 .text          0x00000000001000ac        0x0 /home/thete/devkitPro/devkitARM/bin/../lib/gcc/arm-none-eabi/4.9.2/../../../../arm-none-eabi/lib/armv6k/fpu/3dsx_crt0.o
 .text          0x00000000001000ac        0x0 /home/thete/devkitPro/devkitARM/bin/../lib/gcc/arm-none-eabi/4.9.2/armv6k/fpu/crti.o
 .text          0x00000000001000ac      0x108 /home/thete/devkitPro/devkitARM/bin/../lib/gcc/arm-none-eabi/4.9.2/armv6k/fpu/crtbegin.o
 .text          0x00000000001001b4      0x168 filesystem.o
                0x00000000001001b4                _srvGetServiceHandle
                0x000000000010020c                filesystemInit
                0x00000000001002d4                filesystemExit
 .text          0x000000000010031c      0x6cc blz.o
                0x000000000010031c                Memory
                0x0000000000100344                BLZ_Code
                0x00000000001009bc                BLZ_Invert
 .text          0x00000000001009e8      0x370 main.o
                0x00000000001009e8                FSUSER_ControlArchive
                0x0000000000100a70                write_savedata
                0x0000000000100bbc                http_download
                0x0000000000100cbc                read_payload
 .text          0x0000000000100d58     0x1074 /home/thete/devkitPro/libctru/lib/libctru.a(console.o)
                0x0000000000100d58                debug_write
                0x0000000000100d74                consoleGetDefault
                0x0000000000100d80                consoleDebugInit
                0x0000000000100e04                consoleSelect
                0x0000000000100e1c                consoleSetFont
                0x0000000000100e38                consoleDrawChar
                0x0000000000100fe4                consolePrintChar
                0x0000000000101290                consoleInit
                0x0000000000101584                con_write
                0x0000000000101d88                consoleClear
                0x0000000000101d94                consoleSetWindow
 .text          0x0000000000101dcc      0x3b8 /home/thete/devkitPro/libctru/lib/libctru.a(srv.o)
                0x0000000000101dcc                __get_handle_from_list
                0x0000000000101e64                __destroy_handle_list
                0x0000000000101eb8                srvExit
                0x0000000000101ee0                srvGetSessionHandle
                0x0000000000101eec                srvRegisterClient
                0x0000000000101f24                srvInit
                0x0000000000101f8c                srvGetServiceHandle
                0x000000000010200c                srvRegisterService
                0x0000000000102068                srvUnregisterService
                0x00000000001020b4                srvPmInit
                0x0000000000102108                srvRegisterProcess
                0x0000000000102150                srvUnregisterProcess
 .text          0x0000000000102184      0x72c /home/thete/devkitPro/libctru/lib/libctru.a(gfx.o)
                0x0000000000102210                gfxSet3D
                0x0000000000102220                gfxSetScreenFormat
                0x0000000000102238                gfxGetScreenFormat
                0x0000000000102250                gfxSetDoubleBuffering
                0x0000000000102264                gfxSetFramebufferInfo
                0x00000000001022d4                gfxWriteFramebufferInfo
                0x0000000000102398                gfxInit
                0x0000000000102578                gfxInitDefault
                0x0000000000102588                gfxExit
                0x0000000000102654                gfxGetFramebuffer
                0x0000000000102704                gfxFlushBuffers
                0x00000000001027e0                gfxSwapBuffers
                0x0000000000102854                gfxSwapBuffersGpu
 .text          0x00000000001028b0      0x8c8 /home/thete/devkitPro/libctru/lib/libctru.a(gsp.o)
                0x00000000001029bc                gspInit
                0x00000000001029d0                gspExit
                0x00000000001029e8                gspInitEventHandler
                0x0000000000102ab4                gspExitEventHandler
                0x0000000000102b0c                gspWaitForEvent
                0x0000000000102b64                GSPGPU_WriteHWRegs
                0x0000000000102bd4                GSPGPU_WriteHWRegsWithMask
                0x0000000000102c60                GSPGPU_ReadHWRegs
                0x0000000000102cd0                GSPGPU_SetBufferSwap
                0x0000000000102d44                GSPGPU_FlushDataCache
                0x0000000000102d98                GSPGPU_InvalidateDataCache
                0x0000000000102dec                GSPGPU_SetLcdForceBlack
                0x0000000000102e28                GSPGPU_TriggerCmdReqQueue
                0x0000000000102e5c                GSPGPU_RegisterInterruptRelayQueue
                0x0000000000102ec8                GSPGPU_UnregisterInterruptRelayQueue
                0x0000000000102efc                GSPGPU_AcquireRight
                0x0000000000102f4c                GSPGPU_ReleaseRight
                0x0000000000102f80                GSPGPU_ImportDisplayCaptureInfo
                0x0000000000103004                GSPGPU_SaveVramSysArea
                0x0000000000103038                GSPGPU_RestoreVramSysArea
                0x000000000010306c                GSPGPU_SubmitGxCommand
 .text          0x0000000000103178      0x264 /home/thete/devkitPro/libctru/lib/libctru.a(gx.o)
                0x0000000000103178                GX_RequestDma
                0x00000000001031cc                GX_SetCommandList_Last
                0x0000000000103234                GX_SetMemoryFill
                0x00000000001032a8                GX_SetDisplayTransfer
                0x000000000010330c                GX_SetTextureCopy
                0x0000000000103374                GX_SetCommandList_First
 .text          0x00000000001033dc     0x1cf8 /home/thete/devkitPro/libctru/lib/libctru.a(apt.o)
                0x0000000000103440                _aptDebug
                0x0000000000103444                aptInitCaptureInfo
                0x00000000001034f4                aptWaitStatusEvent
                0x000000000010351c                aptHook
                0x0000000000103554                aptUnhook
                0x0000000000103580                aptGetStatus
                0x00000000001035b8                aptSetStatus
                0x000000000010361c                aptGetStatusPower
                0x0000000000103654                aptSetStatusPower
                0x000000000010368c                aptOpenSession
                0x00000000001036b0                aptCloseSession
                0x00000000001036d8                aptSignalReadyForSleep
                0x00000000001036e8                APT_GetLockHandle
                0x0000000000103738                APT_Initialize
                0x00000000001037a0                APT_Finalize
                0x00000000001037dc                APT_HardwareResetAsync
                0x0000000000103810                APT_Enable
                0x000000000010384c                APT_GetAppletManInfo
                0x00000000001038cc                aptGetMenuAppID
                0x0000000000103908                APT_IsRegistered
                0x0000000000103958                APT_InquireNotification
                0x00000000001039a8                APT_PrepareToJumpToHomeMenu
                0x00000000001039dc                APT_JumpToHomeMenu
                0x0000000000103a2c                APT_PrepareToJumpToApplication
                0x0000000000103a68                APT_JumpToApplication
                0x0000000000103ab8                APT_NotifyToWait
                0x0000000000103af4                APT_AppletUtility
                0x0000000000103b7c                aptAppletUtility_Exit_RetToApp
                0x0000000000103c9c                aptAppletClosed
                0x0000000000103dd8                aptInit
                0x0000000000103f90                APT_GlanceParameter
                0x0000000000104004                APT_ReceiveParameter
                0x0000000000104078                APT_SendParameter
                0x00000000001040e8                APT_SendCaptureBufferInfo
                0x0000000000104134                aptReturnToMenu
                0x0000000000104308                APT_ReplySleepQuery
                0x0000000000104348                APT_ReplySleepNotificationComplete
                0x0000000000104384                aptEventHandler
                0x0000000000104690                APT_PrepareToCloseApplication
                0x00000000001046cc                APT_CloseApplication
                0x0000000000104724                aptExit
                0x0000000000104910                APT_SetAppCpuTimeLimit
                0x0000000000104954                APT_GetAppCpuTimeLimit
                0x00000000001049a8                APT_CheckNew3DS_Application
                0x0000000000104a04                APT_CheckNew3DS_System
                0x0000000000104a60                APT_CheckNew3DS
                0x0000000000104ad4                APT_PrepareToDoAppJump
                0x0000000000104b20                APT_DoAppJump
                0x0000000000104b88                APT_PrepareToStartLibraryApplet
                0x0000000000104bc4                APT_StartLibraryApplet
                0x0000000000104c24                aptAppletStarted
                0x0000000000104d28                aptMainLoop
                0x0000000000104ea0                APT_LaunchLibraryApplet
                0x0000000000105038                APT_PrepareToStartSystemApplet
                0x0000000000105074                APT_StartSystemApplet
 .text          0x00000000001050d4      0x6f4 /home/thete/devkitPro/libctru/lib/libctru.a(hid.o)
                0x00000000001050d4                hidExit
                0x0000000000105178                hidWaitForEvent
                0x00000000001051d0                hidCheckSectionUpdateTime
                0x000000000010520c                hidScanInput
                0x0000000000105440                hidKeysHeld
                0x0000000000105450                hidKeysDown
                0x0000000000105460                hidKeysUp
                0x0000000000105470                hidTouchRead
                0x0000000000105488                hidCircleRead
                0x00000000001054a0                hidAccelRead
                0x00000000001054c0                hidGyroRead
                0x00000000001054e0                HIDUSER_GetHandles
                0x0000000000105570                hidInit
                0x00000000001056a4                HIDUSER_EnableAccelerometer
                0x00000000001056d0                HIDUSER_DisableAccelerometer
                0x00000000001056fc                HIDUSER_EnableGyroscope
                0x0000000000105728                HIDUSER_DisableGyroscope
                0x0000000000105754                HIDUSER_GetGyroscopeRawToDpsCoefficient
                0x0000000000105790                HIDUSER_GetSoundVolume
 .text          0x00000000001057c8      0x574 /home/thete/devkitPro/libctru/lib/libctru.a(httpc.o)
                0x00000000001057c8                httpcExit
                0x00000000001057e0                httpcCloseContext
                0x0000000000105824                httpcBeginRequest
                0x0000000000105850                HTTPC_Initialize
                0x0000000000105890                httpcInit
                0x00000000001058d4                HTTPC_CreateContext
                0x0000000000105940                HTTPC_InitializeConnectionSession
                0x0000000000105970                HTTPC_SetProxyDefault
                0x0000000000105998                HTTPC_CloseContext
                0x00000000001059c0                httpcOpenContext
                0x0000000000105a84                HTTPC_AddRequestHeaderField
                0x0000000000105b04                httpcAddRequestHeaderField
                0x0000000000105b1c                HTTPC_BeginRequest
                0x0000000000105b44                HTTPC_ReceiveData
                0x0000000000105b80                httpcReceiveData
                0x0000000000105b98                HTTPC_GetRequestState
                0x0000000000105bcc                httpcGetRequestState
                0x0000000000105bd8                HTTPC_GetDownloadSizeState
                0x0000000000105c24                httpcGetDownloadSizeState
                0x0000000000105c3c                httpcDownloadData
                0x0000000000105cfc                HTTPC_GetResponseStatusCode
                0x0000000000105d30                httpcGetResponseStatusCode
 .text          0x0000000000105d3c      0xc88 /home/thete/devkitPro/libctru/lib/libctru.a(fs.o)
                0x0000000000105d3c                FS_makePath
                0x0000000000105d68                fsExit
                0x0000000000105d8c                fsGetSessionHandle
                0x0000000000105d98                FSUSER_Initialize
                0x0000000000105e0c                fsInit
                0x0000000000105e78                FSUSER_OpenFile
                0x0000000000105f24                FSUSER_OpenFileDirectly
                0x0000000000105ff0                FSUSER_DeleteFile
                0x0000000000106078                FSUSER_RenameFile
                0x000000000010613c                FSUSER_DeleteDirectory
                0x00000000001061c4                FSUSER_DeleteDirectoryRecursively
                0x000000000010624c                FSUSER_CreateFile
                0x00000000001062e4                FSUSER_CreateDirectory
                0x0000000000106370                FSUSER_RenameDirectory
                0x0000000000106434                FSUSER_OpenDirectory
                0x00000000001064c8                FSUSER_OpenArchive
                0x0000000000106550                FSUSER_CloseArchive
                0x00000000001065a8                FSUSER_GetSdmcArchiveResource
                0x0000000000106624                FSUSER_GetNandArchiveResource
                0x00000000001066a0                FSUSER_IsSdmcDetected
                0x00000000001066ec                FSUSER_IsSdmcWritable
                0x0000000000106738                FSFILE_Close
                0x000000000010677c                FSFILE_Read
                0x00000000001067d8                FSFILE_Write
                0x000000000010683c                FSFILE_GetSize
                0x000000000010687c                FSFILE_SetSize
                0x00000000001068a8                FSFILE_GetAttributes
                0x00000000001068e0                FSFILE_SetAttributes
                0x0000000000106908                FSFILE_Flush
                0x000000000010692c                FSDIR_Read
                0x0000000000106980                FSDIR_Close
 .text          0x00000000001069c4       0x4c /home/thete/devkitPro/libctru/lib/libctru.a(initSystem.o)
                0x00000000001069c4                __libctru_init
 .text          0x0000000000106a10       0xa4 /home/thete/devkitPro/libctru/lib/libctru.a(allocateHeaps.o)
                0x0000000000106a10                __system_allocateHeaps
 .text          0x0000000000106ab4       0xf4 /home/thete/devkitPro/libctru/lib/libctru.a(initArgv.o)
                0x0000000000106ab4                __system_initArgv
 *fill*         0x0000000000106ba8        0x8 
 .text          0x0000000000106bb0      0x3d0 /home/thete/devkitPro/libctru/lib/libctru.a(svc.o)
                0x0000000000106bb0                svcControlMemory
                0x0000000000106bd0                svcQueryMemory
                0x0000000000106c00                svcExitProcess
                0x0000000000106c08                svcCreateThread
                0x0000000000106c28                svcExitThread
                0x0000000000106c30                svcSleepThread
                0x0000000000106c38                svcGetThreadPriority
                0x0000000000106c4c                svcSetThreadPriority
                0x0000000000106c54                svcGetThreadAffinityMask
                0x0000000000106c5c                svcSetThreadAffinityMask
                0x0000000000106c64                svcGetThreadIdealProcessor
                0x0000000000106c78                svcSetThreadIdealProcessor
                0x0000000000106c80                svcGetProcessorID
                0x0000000000106c88                svcCreateMutex
                0x0000000000106c9c                svcReleaseMutex
                0x0000000000106ca4                svcCreateSemaphore
                0x0000000000106cb8                svcReleaseSemaphore
                0x0000000000106ccc                svcCreateEvent
                0x0000000000106ce0                svcSignalEvent
                0x0000000000106ce8                svcClearEvent
                0x0000000000106cf0                svcCreateTimer
                0x0000000000106d04                svcSetTimer
                0x0000000000106d0c                svcCancelTimer
                0x0000000000106d14                svcClearTimer
                0x0000000000106d1c                svcCreateMemoryBlock
                0x0000000000106d34                svcMapMemoryBlock
                0x0000000000106d3c                svcUnmapMemoryBlock
                0x0000000000106d44                svcCreateAddressArbiter
                0x0000000000106d58                svcArbitrateAddress
                0x0000000000106d78                svcCloseHandle
                0x0000000000106d80                svcWaitSynchronization
                0x0000000000106d88                svcWaitSynchronizationN
                0x0000000000106db0                svcDuplicateHandle
                0x0000000000106dc4                svcGetSystemTick
                0x0000000000106dcc                svcGetSystemInfo
                0x0000000000106de4                svcGetProcessInfo
                0x0000000000106dfc                svcGetThreadInfo
                0x0000000000106e14                svcConnectToPort
                0x0000000000106e28                svcSendSyncRequest
                0x0000000000106e30                svcOpenProcess
                0x0000000000106e44                svcOpenThread
                0x0000000000106e58                svcGetProcessId
                0x0000000000106e6c                svcGetProcessIdOfThread
                0x0000000000106e80                svcGetThreadId
                0x0000000000106e94                svcOutputDebugString
                0x0000000000106e9c                svcCreatePort
                0x0000000000106ebc                svcDebugActiveProcess
                0x0000000000106ed0                svcBreakDebugProcess
                0x0000000000106ed8                svcTerminateDebugProcess
                0x0000000000106ee0                svcGetProcessDebugEvent
                0x0000000000106ee8                svcContinueDebugEvent
                0x0000000000106ef0                svcGetProcessList
                0x0000000000106f10                svcReadProcessMemory
                0x0000000000106f18                svcWriteProcessMemory
                0x0000000000106f20                svcControlProcessMemory
                0x0000000000106f38                svcMapProcessMemory
                0x0000000000106f40                svcUnmapProcessMemory
                0x0000000000106f48                svcBackdoor
                0x0000000000106f50                svcQueryProcessMemory
 .text          0x0000000000106f80       0x64 /home/thete/devkitPro/libctru/lib/libctru.a(stack_adjust.o)
                0x0000000000106f80                initSystem
                0x0000000000106fc4                __ctru_exit
 .text          0x0000000000106fe4        0x0 /home/thete/devkitPro/libctru/lib/libctru.a(default_font.bin.o)
 .text          0x0000000000106fe4      0x1c4 /home/thete/devkitPro/libctru/lib/libctru.a(vram.o)
                0x000000000010700c                vramMemAlign
                0x000000000010713c                vramAlloc
                0x0000000000107144                vramRealloc
                0x000000000010714c                vramFree
                0x000000000010719c                vramSpaceFree
 .text          0x00000000001071a8      0x1d4 /home/thete/devkitPro/libctru/lib/libctru.a(linear.o)
                0x00000000001071d0                linearMemAlign
                0x0000000000107310                linearAlloc
                0x0000000000107318                linearRealloc
                0x0000000000107320                linearFree
                0x0000000000107370                linearSpaceFree
 .text          0x000000000010737c      0x35c /home/thete/devkitPro/libctru/lib/libctru.a(mem_pool.o)
                0x000000000010737c                MemPool::CoalesceRight(MemBlock*)
                0x000000000010741c                MemPool::Allocate(MemChunk&, unsigned long, int)
                0x00000000001075a4                MemPool::Deallocate(MemChunk const&)
                0x00000000001076a8                MemPool::GetFreeSpace()
 .text          0x00000000001076d8      0x288 /home/thete/devkitPro/libctru/lib/libctru.a(os.o)
                0x0000000000107730                osConvertVirtToPhys
                0x000000000010777c                osConvertOldLINEARMemToNew
                0x000000000010779c                __libctru_gtod
                0x0000000000107894                osGetTime
                0x0000000000107908                osGetFirmVersion
                0x000000000010791c                osGetKernelVersion
                0x0000000000107930                osStrError
                0x0000000000107950                osGetWifiStrength
 .text          0x0000000000107960      0x388 /home/thete/devkitPro/libctru/lib/libctru.a(irrst.o)
                0x0000000000107960                irrstWaitForEvent
                0x00000000001079ac                irrstCheckSectionUpdateTime
                0x00000000001079e8                irrstScanInput
                0x0000000000107a9c                irrstKeysHeld
                0x0000000000107ab4                irrstCstickRead
                0x0000000000107acc                IRRST_GetHandles
                0x0000000000107b1c                IRRST_Initialize
                0x0000000000107b54                irrstInit
                0x0000000000107c38                IRRST_Shutdown
                0x0000000000107c64                irrstExit
 .text          0x0000000000107ce8       0x14 /home/thete/devkitPro/libctru/lib/libctru.a(rbtree_init.o)
                0x0000000000107ce8                rbtree_init
 .text          0x0000000000107cfc      0x1f4 /home/thete/devkitPro/libctru/lib/libctru.a(rbtree_insert.o)
                0x0000000000107ee0                rbtree_insert
                0x0000000000107ee8                rbtree_insert_multi
 .text          0x0000000000107ef0       0xac /home/thete/devkitPro/libctru/lib/libctru.a(rbtree_rotate.o)
                0x0000000000107ef0                rbtree_rotate
 .text          0x0000000000107f9c      0x340 /home/thete/devkitPro/libctru/lib/libctru.a(rbtree_remove.o)
                0x0000000000107f9c                rbtree_remove
 .text          0x00000000001082dc       0x70 /home/thete/devkitPro/libctru/lib/libctru.a(rbtree_find.o)
                0x00000000001082dc                rbtree_find
 .text          0x000000000010834c       0x20 /home/thete/devkitPro/libctru/lib/libctru.a(appInit.o)
                0x000000000010834c                __appInit
 .text          0x000000000010836c       0x1c /home/thete/devkitPro/libctru/lib/libctru.a(appExit.o)
                0x000000000010836c                __appExit
 .text          0x0000000000108388       0x90 /home/thete/devkitPro/libctru/lib/libctru.a(ctru_exit.o)
                0x0000000000108388                __libctru_exit
 .text          0x0000000000108418      0xffc /home/thete/devkitPro/libctru/lib/libctru.a(sdmc_dev.o)
                0x0000000000109294                sdmcInit
                0x00000000001093c4                sdmcExit
 .text          0x0000000000109414      0x118 /home/thete/devkitPro/libctru/lib/libctru.a(rbtree_iterator.o)
                0x0000000000109414                rbtree_node_next
                0x00000000001094a0                rbtree_node_prev
 .text          0x000000000010952c       0xe8 /home/thete/devkitPro/libctru/lib/libctru.a(utf16_to_utf8.o)
                0x000000000010952c                utf16_to_utf8
 .text          0x0000000000109614       0x60 /home/thete/devkitPro/libctru/lib/libctru.a(decode_utf16.o)
                0x0000000000109614                decode_utf16
 .text          0x0000000000109674      0x138 /home/thete/devkitPro/libctru/lib/libctru.a(decode_utf8.o)
                0x0000000000109674                decode_utf8
 .text          0x00000000001097ac       0xb8 /home/thete/devkitPro/libctru/lib/libctru.a(utf8_to_utf16.o)
                0x00000000001097ac                utf8_to_utf16
 .text          0x0000000000109864       0x68 /home/thete/devkitPro/libctru/lib/libctru.a(encode_utf16.o)
                0x0000000000109864                encode_utf16
 .text          0x00000000001098cc      0x104 /home/thete/devkitPro/libctru/lib/libctru.a(encode_utf8.o)
                0x00000000001098cc                encode_utf8
 .text          0x00000000001099d0      0x240 /home/thete/devkitPro/devkitARM/bin/../lib/gcc/arm-none-eabi/4.9.2/armv6k/fpu/libgcc.a(_divsi3.o)
                0x00000000001099d0                __aeabi_idiv
                0x00000000001099d0                __divsi3
                0x0000000000109bf0                __aeabi_idivmod
 .text          0x0000000000109c10        0x4 /home/thete/devkitPro/devkitARM/bin/../lib/gcc/arm-none-eabi/4.9.2/armv6k/fpu/libgcc.a(_dvmd_tls.o)
                0x0000000000109c10                __aeabi_ldiv0
                0x0000000000109c10                __aeabi_idiv0
 .text          0x0000000000109c14        0x0 /home/thete/devkitPro/devkitARM/bin/../lib/gcc/arm-none-eabi/4.9.2/../../../../arm-none-eabi/lib/armv6k/fpu/libg.a(lib_a-bsearch.o)
 .text          0x0000000000109c14        0x0 /home/thete/devkitPro/devkitARM/bin/../lib/gcc/arm-none-eabi/4.9.2/../../../../arm-none-eabi/lib/armv6k/fpu/libg.a(lib_a-calloc.o)
 .text          0x0000000000109c14        0x0 /home/thete/devkitPro/devkitARM/bin/../lib/gcc/arm-none-eabi/4.9.2/../../../../arm-none-eabi/lib/armv6k/fpu/libg.a(lib_a-callocr.o)
 .text          0x0000000000109c14        0x0 /home/thete/devkitPro/devkitARM/bin/../lib/gcc/arm-none-eabi/4.9.2/../../../../arm-none-eabi/lib/armv6k/fpu/libg.a(lib_a-exit.o)
 .text          0x0000000000109c14        0x0 /home/thete/devkitPro/devkitARM/bin/../lib/gcc/arm-none-eabi/4.9.2/../../../../arm-none-eabi/lib/armv6k/fpu/libg.a(lib_a-fclose.o)
 .text          0x0000000000109c14        0x0 /home/thete/devkitPro/devkitARM/bin/../lib/gcc/arm-none-eabi/4.9.2/../../../../arm-none-eabi/lib/armv6k/fpu/libg.a(lib_a-fflush.o)
 .text          0x0000000000109c14        0x0 /home/thete/devkitPro/devkitARM/bin/../lib/gcc/arm-none-eabi/4.9.2/../../../../arm-none-eabi/lib/armv6k/fpu/libg.a(lib_a-findfp.o)
 .text          0x0000000000109c14        0x0 /home/thete/devkitPro/devkitARM/bin/../lib/gcc/arm-none-eabi/4.9.2/../../../../arm-none-eabi/lib/armv6k/fpu/libg.a(lib_a-fini.o)
 .text          0x0000000000109c14        0x0 /home/thete/devkitPro/devkitARM/bin/../lib/gcc/arm-none-eabi/4.9.2/../../../../arm-none-eabi/lib/armv6k/fpu/libg.a(lib_a-fopen.o)
 .text          0x0000000000109c14        0x0 /home/thete/devkitPro/devkitARM/bin/../lib/gcc/arm-none-eabi/4.9.2/../../../../arm-none-eabi/lib/armv6k/fpu/libg.a(lib_a-fread.o)
 .text          0x0000000000109c14        0x0 /home/thete/devkitPro/devkitARM/bin/../lib/gcc/arm-none-eabi/4.9.2/../../../../arm-none-eabi/lib/armv6k/fpu/libg.a(lib_a-freer.o)
 .text          0x0000000000109c14        0x0 /home/thete/devkitPro/devkitARM/bin/../lib/gcc/arm-none-eabi/4.9.2/../../../../arm-none-eabi/lib/armv6k/fpu/libg.a(lib_a-fseek.o)
 .text          0x0000000000109c14        0x0 /home/thete/devkitPro/devkitARM/bin/../lib/gcc/arm-none-eabi/4.9.2/../../../../arm-none-eabi/lib/armv6k/fpu/libg.a(lib_a-fseeko.o)
 .text          0x0000000000109c14        0x0 /home/thete/devkitPro/devkitARM/bin/../lib/gcc/arm-none-eabi/4.9.2/../../../../arm-none-eabi/lib/armv6k/fpu/libg.a(lib_a-ftell.o)
 .text          0x0000000000109c14        0x0 /home/thete/devkitPro/devkitARM/bin/../lib/gcc/arm-none-eabi/4.9.2/../../../../arm-none-eabi/lib/armv6k/fpu/libg.a(lib_a-ftello.o)
 .text          0x0000000000109c14        0x0 /home/thete/devkitPro/devkitARM/bin/../lib/gcc/arm-none-eabi/4.9.2/../../../../arm-none-eabi/lib/armv6k/fpu/libg.a(lib_a-fwalk.o)
 .text          0x0000000000109c14        0x0 /home/thete/devkitPro/devkitARM/bin/../lib/gcc/arm-none-eabi/4.9.2/../../../../arm-none-eabi/lib/armv6k/fpu/libg.a(lib_a-impure.o)
 .text          0x0000000000109c14        0x0 /home/thete/devkitPro/devkitARM/bin/../lib/gcc/arm-none-eabi/4.9.2/../../../../arm-none-eabi/lib/armv6k/fpu/libg.a(lib_a-init.o)
 .text          0x0000000000109c14        0x0 /home/thete/devkitPro/devkitARM/bin/../lib/gcc/arm-none-eabi/4.9.2/../../../../arm-none-eabi/lib/armv6k/fpu/libg.a(lib_a-iprintf.o)
 .text          0x0000000000109c14        0x0 /home/thete/devkitPro/devkitARM/bin/../lib/gcc/arm-none-eabi/4.9.2/../../../../arm-none-eabi/lib/armv6k/fpu/libg.a(lib_a-makebuf.o)
 .text          0x0000000000109c14        0x0 /home/thete/devkitPro/devkitARM/bin/../lib/gcc/arm-none-eabi/4.9.2/../../../../arm-none-eabi/lib/armv6k/fpu/libg.a(lib_a-malloc.o)
 .text          0x0000000000109c14        0x0 /home/thete/devkitPro/devkitARM/bin/../lib/gcc/arm-none-eabi/4.9.2/../../../../arm-none-eabi/lib/armv6k/fpu/libg.a(lib_a-mallocr.o)
 .text          0x0000000000109c14        0x0 /home/thete/devkitPro/devkitARM/bin/../lib/gcc/arm-none-eabi/4.9.2/../../../../arm-none-eabi/lib/armv6k/fpu/libg.a(lib_a-memcpy.o)
 .text          0x0000000000109c14        0x0 /home/thete/devkitPro/devkitARM/bin/../lib/gcc/arm-none-eabi/4.9.2/../../../../arm-none-eabi/lib/armv6k/fpu/libg.a(lib_a-memset.o)
 .text          0x0000000000109c14        0x0 /home/thete/devkitPro/devkitARM/bin/../lib/gcc/arm-none-eabi/4.9.2/../../../../arm-none-eabi/lib/armv6k/fpu/libg.a(lib_a-mlock.o)
 .text          0x0000000000109c14        0x0 /home/thete/devkitPro/devkitARM/bin/../lib/gcc/arm-none-eabi/4.9.2/../../../../arm-none-eabi/lib/armv6k/fpu/libg.a(lib_a-printf.o)
 .text          0x0000000000109c14        0x0 /home/thete/devkitPro/devkitARM/bin/../lib/gcc/arm-none-eabi/4.9.2/../../../../arm-none-eabi/lib/armv6k/fpu/libg.a(lib_a-puts.o)
 .text          0x0000000000109c14        0x0 /home/thete/devkitPro/devkitARM/bin/../lib/gcc/arm-none-eabi/4.9.2/../../../../arm-none-eabi/lib/armv6k/fpu/libg.a(lib_a-refill.o)
 .text          0x0000000000109c14        0x0 /home/thete/devkitPro/devkitARM/bin/../lib/gcc/arm-none-eabi/4.9.2/../../../../arm-none-eabi/lib/armv6k/fpu/libg.a(lib_a-setvbuf.o)
 .text          0x0000000000109c14        0x0 /home/thete/devkitPro/devkitARM/bin/../lib/gcc/arm-none-eabi/4.9.2/../../../../arm-none-eabi/lib/armv6k/fpu/libg.a(lib_a-sprintf.o)
 .text          0x0000000000109c14        0x0 /home/thete/devkitPro/devkitARM/bin/../lib/gcc/arm-none-eabi/4.9.2/../../../../arm-none-eabi/lib/armv6k/fpu/libg.a(lib_a-sscanf.o)
 .text          0x0000000000109c14        0x0 /home/thete/devkitPro/devkitARM/bin/../lib/gcc/arm-none-eabi/4.9.2/../../../../arm-none-eabi/lib/armv6k/fpu/libg.a(lib_a-stdio.o)
 .text          0x0000000000109c14        0x0 /home/thete/devkitPro/devkitARM/bin/../lib/gcc/arm-none-eabi/4.9.2/../../../../arm-none-eabi/lib/armv6k/fpu/libg.a(lib_a-strchr.o)
 .text          0x0000000000109c14        0x0 /home/thete/devkitPro/devkitARM/bin/../lib/gcc/arm-none-eabi/4.9.2/../../../../arm-none-eabi/lib/armv6k/fpu/libg.a(lib_a-strcpy.o)
 .text          0x0000000000109c14        0x0 /home/thete/devkitPro/devkitARM/bin/../lib/gcc/arm-none-eabi/4.9.2/../../../../arm-none-eabi/lib/armv6k/fpu/libg.a(lib_a-strlen.o)
 .text          0x0000000000109c14        0x0 /home/thete/devkitPro/devkitARM/bin/../lib/gcc/arm-none-eabi/4.9.2/../../../../arm-none-eabi/lib/armv6k/fpu/libg.a(lib_a-strncat.o)
 .text          0x0000000000109c14        0x0 /home/thete/devkitPro/devkitARM/bin/../lib/gcc/arm-none-eabi/4.9.2/../../../../arm-none-eabi/lib/armv6k/fpu/libg.a(lib_a-strncpy.o)
 .text          0x0000000000109c14        0x0 /home/thete/devkitPro/devkitARM/bin/../lib/gcc/arm-none-eabi/4.9.2/../../../../arm-none-eabi/lib/armv6k/fpu/libg.a(lib_a-svfprintf.o)
 .text          0x0000000000109c14        0x0 /home/thete/devkitPro/devkitARM/bin/../lib/gcc/arm-none-eabi/4.9.2/../../../../arm-none-eabi/lib/armv6k/fpu/libg.a(lib_a-svfscanf.o)
 .text          0x0000000000109c14        0x0 /home/thete/devkitPro/devkitARM/bin/../lib/gcc/arm-none-eabi/4.9.2/../../../../arm-none-eabi/lib/armv6k/fpu/libg.a(lib_a-vfiprintf.o)
 .text          0x0000000000109c14        0x0 /home/thete/devkitPro/devkitARM/bin/../lib/gcc/arm-none-eabi/4.9.2/../../../../arm-none-eabi/lib/armv6k/fpu/libg.a(lib_a-vfprintf.o)
 .text          0x0000000000109c14        0x0 /home/thete/devkitPro/devkitARM/bin/../lib/gcc/arm-none-eabi/4.9.2/../../../../arm-none-eabi/lib/armv6k/fpu/libg.a(lib_a-wcrtomb.o)
 .text          0x0000000000109c14        0x0 /home/thete/devkitPro/devkitARM/bin/../lib/gcc/arm-none-eabi/4.9.2/../../../../arm-none-eabi/lib/armv6k/fpu/libg.a(lib_a-wcsrtombs.o)
 .text          0x0000000000109c14        0x0 /home/thete/devkitPro/devkitARM/bin/../lib/gcc/arm-none-eabi/4.9.2/../../../../arm-none-eabi/lib/armv6k/fpu/libg.a(lib_a-wctomb_r.o)
 .text          0x0000000000109c14        0x0 /home/thete/devkitPro/devkitARM/bin/../lib/gcc/arm-none-eabi/4.9.2/../../../../arm-none-eabi/lib/armv6k/fpu/libg.a(lib_a-wsetup.o)
 .text          0x0000000000109c14        0x0 /home/thete/devkitPro/devkitARM/bin/../lib/gcc/arm-none-eabi/4.9.2/../../../../arm-none-eabi/lib/armv6k/fpu/libg.a(lib_a-__call_atexit.o)
 .text          0x0000000000109c14        0x0 /home/thete/devkitPro/devkitARM/bin/../lib/gcc/arm-none-eabi/4.9.2/../../../../arm-none-eabi/lib/armv6k/fpu/libg.a(lib_a-ctype_.o)
 .text          0x0000000000109c14        0x0 /home/thete/devkitPro/devkitARM/bin/../lib/gcc/arm-none-eabi/4.9.2/../../../../arm-none-eabi/lib/armv6k/fpu/libg.a(lib_a-dtoa.o)
 .text          0x0000000000109c14        0x0 /home/thete/devkitPro/devkitARM/bin/../lib/gcc/arm-none-eabi/4.9.2/../../../../arm-none-eabi/lib/armv6k/fpu/libg.a(lib_a-flags.o)
 .text          0x0000000000109c14        0x0 /home/thete/devkitPro/devkitARM/bin/../lib/gcc/arm-none-eabi/4.9.2/../../../../arm-none-eabi/lib/armv6k/fpu/libg.a(lib_a-fputwc.o)
 .text          0x0000000000109c14        0x0 /home/thete/devkitPro/devkitARM/bin/../lib/gcc/arm-none-eabi/4.9.2/../../../../arm-none-eabi/lib/armv6k/fpu/libg.a(lib_a-fvwrite.o)
 .text          0x0000000000109c14        0x0 /home/thete/devkitPro/devkitARM/bin/../lib/gcc/arm-none-eabi/4.9.2/../../../../arm-none-eabi/lib/armv6k/fpu/libg.a(lib_a-iswspace.o)
 .text          0x0000000000109c14        0x0 /home/thete/devkitPro/devkitARM/bin/../lib/gcc/arm-none-eabi/4.9.2/../../../../arm-none-eabi/lib/armv6k/fpu/libg.a(lib_a-jp2uc.o)
 .text          0x0000000000109c14        0x0 /home/thete/devkitPro/devkitARM/bin/../lib/gcc/arm-none-eabi/4.9.2/../../../../arm-none-eabi/lib/armv6k/fpu/libg.a(lib_a-locale.o)
 .text          0x0000000000109c14        0x0 /home/thete/devkitPro/devkitARM/bin/../lib/gcc/arm-none-eabi/4.9.2/../../../../arm-none-eabi/lib/armv6k/fpu/libg.a(lib_a-mbrtowc.o)
 .text          0x0000000000109c14        0x0 /home/thete/devkitPro/devkitARM/bin/../lib/gcc/arm-none-eabi/4.9.2/../../../../arm-none-eabi/lib/armv6k/fpu/libg.a(lib_a-mbtowc_r.o)
 .text          0x0000000000109c14        0x0 /home/thete/devkitPro/devkitARM/bin/../lib/gcc/arm-none-eabi/4.9.2/../../../../arm-none-eabi/lib/armv6k/fpu/libg.a(lib_a-memchr.o)
 .text          0x0000000000109c14        0x0 /home/thete/devkitPro/devkitARM/bin/../lib/gcc/arm-none-eabi/4.9.2/../../../../arm-none-eabi/lib/armv6k/fpu/libg.a(lib_a-memmove.o)
 .text          0x0000000000109c14        0x0 /home/thete/devkitPro/devkitARM/bin/../lib/gcc/arm-none-eabi/4.9.2/../../../../arm-none-eabi/lib/armv6k/fpu/libg.a(lib_a-mprec.o)
 .text          0x0000000000109c14        0x0 /home/thete/devkitPro/devkitARM/bin/../lib/gcc/arm-none-eabi/4.9.2/../../../../arm-none-eabi/lib/armv6k/fpu/libg.a(lib_a-reallocr.o)
 .text          0x0000000000109c14        0x0 /home/thete/devkitPro/devkitARM/bin/../lib/gcc/arm-none-eabi/4.9.2/../../../../arm-none-eabi/lib/armv6k/fpu/libg.a(lib_a-sccl.o)
 .text          0x0000000000109c14        0x0 /home/thete/devkitPro/devkitARM/bin/../lib/gcc/arm-none-eabi/4.9.2/../../../../arm-none-eabi/lib/armv6k/fpu/libg.a(lib_a-sf_nan.o)
 .text          0x0000000000109c14        0x0 /home/thete/devkitPro/devkitARM/bin/../lib/gcc/arm-none-eabi/4.9.2/../../../../arm-none-eabi/lib/armv6k/fpu/libg.a(lib_a-s_fpclassify.o)
 .text          0x0000000000109c14        0x0 /home/thete/devkitPro/devkitARM/bin/../lib/gcc/arm-none-eabi/4.9.2/../../../../arm-none-eabi/lib/armv6k/fpu/libg.a(lib_a-s_frexp.o)
 .text          0x0000000000109c14        0x0 /home/thete/devkitPro/devkitARM/bin/../lib/gcc/arm-none-eabi/4.9.2/../../../../arm-none-eabi/lib/armv6k/fpu/libg.a(lib_a-stpncpy.o)
 .text          0x0000000000109c14        0x0 /home/thete/devkitPro/devkitARM/bin/../lib/gcc/arm-none-eabi/4.9.2/../../../../arm-none-eabi/lib/armv6k/fpu/libg.a(lib_a-strcasecmp.o)
 .text          0x0000000000109c14        0x0 /home/thete/devkitPro/devkitARM/bin/../lib/gcc/arm-none-eabi/4.9.2/../../../../arm-none-eabi/lib/armv6k/fpu/libg.a(lib_a-strcat.o)
 *fill*         0x0000000000109c14        0xc 
 .text          0x0000000000109c20      0x3a0 /home/thete/devkitPro/devkitARM/bin/../lib/gcc/arm-none-eabi/4.9.2/../../../../arm-none-eabi/lib/armv6k/fpu/libg.a(lib_a-strcmp.o)
                0x0000000000109c28                strcmp
 .text          0x0000000000109fc0        0x0 /home/thete/devkitPro/devkitARM/bin/../lib/gcc/arm-none-eabi/4.9.2/../../../../arm-none-eabi/lib/armv6k/fpu/libg.a(lib_a-strlcpy.o)
 .text          0x0000000000109fc0        0x0 /home/thete/devkitPro/devkitARM/bin/../lib/gcc/arm-none-eabi/4.9.2/../../../../arm-none-eabi/lib/armv6k/fpu/libg.a(lib_a-strncasecmp.o)
 .text          0x0000000000109fc0        0x0 /home/thete/devkitPro/devkitARM/bin/../lib/gcc/arm-none-eabi/4.9.2/../../../../arm-none-eabi/lib/armv6k/fpu/libg.a(lib_a-strncmp.o)
 .text          0x0000000000109fc0        0x0 /home/thete/devkitPro/devkitARM/bin/../lib/gcc/arm-none-eabi/4.9.2/../../../../arm-none-eabi/lib/armv6k/fpu/libg.a(lib_a-strtod.o)
 .text          0x0000000000109fc0        0x0 /home/thete/devkitPro/devkitARM/bin/../lib/gcc/arm-none-eabi/4.9.2/../../../../arm-none-eabi/lib/armv6k/fpu/libg.a(lib_a-strtoll_r.o)
 .text          0x0000000000109fc0        0x0 /home/thete/devkitPro/devkitARM/bin/../lib/gcc/arm-none-eabi/4.9.2/../../../../arm-none-eabi/lib/armv6k/fpu/libg.a(lib_a-strtol.o)
 .text          0x0000000000109fc0        0x0 /home/thete/devkitPro/devkitARM/bin/../lib/gcc/arm-none-eabi/4.9.2/../../../../arm-none-eabi/lib/armv6k/fpu/libg.a(lib_a-strtoull_r.o)
 .text          0x0000000000109fc0        0x0 /home/thete/devkitPro/devkitARM/bin/../lib/gcc/arm-none-eabi/4.9.2/../../../../arm-none-eabi/lib/armv6k/fpu/libg.a(lib_a-strtoul.o)
 .text          0x0000000000109fc0        0x0 /home/thete/devkitPro/devkitARM/bin/../lib/gcc/arm-none-eabi/4.9.2/../../../../arm-none-eabi/lib/armv6k/fpu/libg.a(lib_a-svfiprintf.o)
 .text          0x0000000000109fc0        0x0 /home/thete/devkitPro/devkitARM/bin/../lib/gcc/arm-none-eabi/4.9.2/../../../../arm-none-eabi/lib/armv6k/fpu/libg.a(lib_a-svfiscanf.o)
 .text          0x0000000000109fc0        0x0 /home/thete/devkitPro/devkitARM/bin/../lib/gcc/arm-none-eabi/4.9.2/../../../../arm-none-eabi/lib/armv6k/fpu/libg.a(lib_a-ungetc.o)
 .text          0x0000000000109fc0        0x0 /home/thete/devkitPro/devkitARM/bin/../lib/gcc/arm-none-eabi/4.9.2/../../../../arm-none-eabi/lib/armv6k/fpu/libg.a(lib_a-wbuf.o)
 .text          0x0000000000109fc0        0x0 /home/thete/devkitPro/devkitARM/bin/../lib/gcc/arm-none-eabi/4.9.2/../../../../arm-none-eabi/lib/armv6k/fpu/libg.a(lib_a-wcsnrtombs.o)
 .text          0x0000000000109fc0        0x0 /home/thete/devkitPro/devkitARM/bin/../lib/gcc/arm-none-eabi/4.9.2/../../../../arm-none-eabi/lib/armv6k/fpu/libg.a(lib_a-gdtoa-gethex.o)
 .text          0x0000000000109fc0        0x0 /home/thete/devkitPro/devkitARM/bin/../lib/gcc/arm-none-eabi/4.9.2/../../../../arm-none-eabi/lib/armv6k/fpu/libg.a(lib_a-gdtoa-hexnan.o)
 .text          0x0000000000109fc0        0x0 /home/thete/devkitPro/devkitARM/bin/../lib/gcc/arm-none-eabi/4.9.2/../../../../arm-none-eabi/lib/armv6k/fpu/libg.a(lib_a-getenv_r.o)
 .text          0x0000000000109fc0        0x0 /home/thete/devkitPro/devkitARM/bin/../lib/gcc/arm-none-eabi/4.9.2/../../../../arm-none-eabi/lib/armv6k/fpu/libg.a(lib_a-environ.o)
 .text          0x0000000000109fc0        0x0 /home/thete/devkitPro/devkitARM/bin/../lib/gcc/arm-none-eabi/4.9.2/../../../../arm-none-eabi/lib/armv6k/fpu/libg.a(lib_a-envlock.o)
 .text          0x0000000000109fc0      0x1a8 /home/thete/devkitPro/devkitARM/bin/../lib/gcc/arm-none-eabi/4.9.2/../../../../arm-none-eabi/lib/armv6k/fpu/libsysbase.a(iosupport.o)
                0x0000000000109fc0                setDefaultDevice
                0x0000000000109fd8                FindDevice
                0x000000000010a084                RemoveDevice
                0x000000000010a0b0                AddDevice
                0x000000000010a144                GetDeviceOpTab
 .text          0x000000000010a168       0x7c /home/thete/devkitPro/devkitARM/bin/../lib/gcc/arm-none-eabi/4.9.2/../../../../arm-none-eabi/lib/armv6k/fpu/libsysbase.a(close.o)
                0x000000000010a168                _close_r
 .text          0x000000000010a1e4       0x6c /home/thete/devkitPro/devkitARM/bin/../lib/gcc/arm-none-eabi/4.9.2/../../../../arm-none-eabi/lib/armv6k/fpu/libsysbase.a(fstat.o)
                0x000000000010a1e4                _fstat_r
 .text          0x000000000010a250        0x8 /home/thete/devkitPro/devkitARM/bin/../lib/gcc/arm-none-eabi/4.9.2/../../../../arm-none-eabi/lib/armv6k/fpu/libsysbase.a(isatty.o)
                0x000000000010a250                _isatty_r
 .text          0x000000000010a258       0x74 /home/thete/devkitPro/devkitARM/bin/../lib/gcc/arm-none-eabi/4.9.2/../../../../arm-none-eabi/lib/armv6k/fpu/libsysbase.a(lseek.o)
                0x000000000010a258                _lseek_r
 .text          0x000000000010a2cc       0xc8 /home/thete/devkitPro/devkitARM/bin/../lib/gcc/arm-none-eabi/4.9.2/../../../../arm-none-eabi/lib/armv6k/fpu/libsysbase.a(open.o)
                0x000000000010a2cc                _open_r
 .text          0x000000000010a394       0x74 /home/thete/devkitPro/devkitARM/bin/../lib/gcc/arm-none-eabi/4.9.2/../../../../arm-none-eabi/lib/armv6k/fpu/libsysbase.a(read.o)
                0x000000000010a394                _read_r
 .text          0x000000000010a408       0x70 /home/thete/devkitPro/devkitARM/bin/../lib/gcc/arm-none-eabi/4.9.2/../../../../arm-none-eabi/lib/armv6k/fpu/libsysbase.a(sbrk.o)
                0x000000000010a408                _sbrk_r
 .text          0x000000000010a478       0x74 /home/thete/devkitPro/devkitARM/bin/../lib/gcc/arm-none-eabi/4.9.2/../../../../arm-none-eabi/lib/armv6k/fpu/libsysbase.a(write.o)
                0x000000000010a478                _write_r
 .text          0x000000000010a4ec       0x20 /home/thete/devkitPro/devkitARM/bin/../lib/gcc/arm-none-eabi/4.9.2/../../../../arm-none-eabi/lib/armv6k/fpu/libsysbase.a(_exit.o)
                0x000000000010a4ec                _exit
 .text          0x000000000010a50c        0x0 /home/thete/devkitPro/devkitARM/bin/../lib/gcc/arm-none-eabi/4.9.2/../../../../arm-none-eabi/lib/armv6k/fpu/libsysbase.a(malloc_vars.o)
 .text          0x000000000010a50c      0x3a4 /home/thete/devkitPro/devkitARM/bin/../lib/gcc/arm-none-eabi/4.9.2/../../../../arm-none-eabi/lib/armv6k/fpu/libsysbase.a(chdir.o)
                0x000000000010a50c                _concatenate_path
                0x000000000010a6c8                chdir
                0x000000000010a810                getcwd
 .text          0x000000000010a8b0        0x8 /home/thete/devkitPro/devkitARM/bin/../lib/gcc/arm-none-eabi/4.9.2/../../../../arm-none-eabi/lib/armv6k/fpu/libsysbase.a(flock.o)
                0x000000000010a8b0                __flockfile
                0x000000000010a8b4                __funlockfile
 .text          0x000000000010a8b8      0x108 /home/thete/devkitPro/devkitARM/bin/../lib/gcc/arm-none-eabi/4.9.2/../../../../arm-none-eabi/lib/armv6k/fpu/libsysbase.a(syscall_support.o)
                0x000000000010a8b8                __libc_lock_init
                0x000000000010a8d0                __libc_lock_acquire
                0x000000000010a8e8                __libc_lock_try_acquire
                0x000000000010a90c                __libc_lock_release
                0x000000000010a924                __libc_lock_close
                0x000000000010a93c                __libc_lock_init_recursive
                0x000000000010a954                __libc_lock_acquire_recursive
                0x000000000010a96c                __libc_lock_try_acquire_recursive
                0x000000000010a990                __libc_lock_release_recursive
                0x000000000010a9a8                __libc_lock_close_recursive
 .text          0x000000000010a9c0      0x254 /home/thete/devkitPro/devkitARM/bin/../lib/gcc/arm-none-eabi/4.9.2/../../../../arm-none-eabi/lib/armv6k/fpu/libsysbase.a(handle_manager.o)
                0x000000000010a9c0                __free_handle
                0x000000000010aa04                __release_handle
                0x000000000010aa30                __alloc_handle
                0x000000000010aa98                __get_handle
                0x000000000010aab4                dup
                0x000000000010ab40                dup2
 .text          0x000000000010ac14       0x28 /home/thete/devkitPro/devkitARM/bin/../lib/gcc/arm-none-eabi/4.9.2/../../../../arm-none-eabi/lib/armv6k/fpu/libsysbase.a(getreent.o)
                0x000000000010ac14                __getreent
 .text          0x000000000010ac3c      0x20c /home/thete/devkitPro/devkitARM/bin/../lib/gcc/arm-none-eabi/4.9.2/armv6k/fpu/libgcc.a(_udivsi3.o)
                0x000000000010ac3c                __udivsi3
                0x000000000010ac3c                __aeabi_uidiv
                0x000000000010ae28                __aeabi_uidivmod
 .text          0x000000000010ae48       0x3c /home/thete/devkitPro/devkitARM/bin/../lib/gcc/arm-none-eabi/4.9.2/armv6k/fpu/libgcc.a(_aeabi_uldivmod.o)
                0x000000000010ae48                __aeabi_uldivmod
 .text          0x000000000010ae84       0x78 /home/thete/devkitPro/devkitARM/bin/../lib/gcc/arm-none-eabi/4.9.2/armv6k/fpu/libgcc.a(bpabi.o)
                0x000000000010ae84                __gnu_ldivmod_helper
                0x000000000010aec0                __gnu_uldivmod_helper
 .text          0x000000000010aefc      0x180 /home/thete/devkitPro/devkitARM/bin/../lib/gcc/arm-none-eabi/4.9.2/armv6k/fpu/libgcc.a(_divdi3.o)
                0x000000000010aefc                __divdi3
 .text          0x000000000010b07c      0x124 /home/thete/devkitPro/devkitARM/bin/../lib/gcc/arm-none-eabi/4.9.2/armv6k/fpu/libgcc.a(_udivdi3.o)
                0x000000000010b07c                __udivdi3
 .text          0x000000000010b1a0        0x0 /home/thete/devkitPro/devkitARM/bin/../lib/gcc/arm-none-eabi/4.9.2/../../../../arm-none-eabi/lib/armv6k/fpu/libg.a(lib_a-errno.o)
 .text          0x000000000010b1a0        0x0 /home/thete/devkitPro/devkitARM/bin/../lib/gcc/arm-none-eabi/4.9.2/../../../../arm-none-eabi/lib/armv6k/fpu/libg.a(lib_a-strnlen.o)
 .text          0x000000000010b1a0        0x0 /home/thete/devkitPro/devkitARM/bin/../lib/gcc/arm-none-eabi/4.9.2/../../../../arm-none-eabi/lib/armv6k/fpu/libg.a(lib_a-strrchr.o)
 .text          0x000000000010b1a0        0x0 /home/thete/devkitPro/devkitARM/bin/../lib/gcc/arm-none-eabi/4.9.2/armv6k/fpu/crtend.o
 .text          0x000000000010b1a0        0x0 /home/thete/devkitPro/devkitARM/bin/../lib/gcc/arm-none-eabi/4.9.2/armv6k/fpu/crtn.o
 *(.text.*)
 .text.startup  0x000000000010b1a0      0xa9c main.o
                0x000000000010b1a0                main
 .text.bsearch  0x000000000010bc3c       0x78 /home/thete/devkitPro/devkitARM/bin/../lib/gcc/arm-none-eabi/4.9.2/../../../../arm-none-eabi/lib/armv6k/fpu/libg.a(lib_a-bsearch.o)
                0x000000000010bc3c                bsearch
 .text.calloc   0x000000000010bcb4       0x20 /home/thete/devkitPro/devkitARM/bin/../lib/gcc/arm-none-eabi/4.9.2/../../../../arm-none-eabi/lib/armv6k/fpu/libg.a(lib_a-calloc.o)
                0x000000000010bcb4                calloc
 .text._calloc_r
                0x000000000010bcd4       0x94 /home/thete/devkitPro/devkitARM/bin/../lib/gcc/arm-none-eabi/4.9.2/../../../../arm-none-eabi/lib/armv6k/fpu/libg.a(lib_a-callocr.o)
                0x000000000010bcd4                _calloc_r
 .text.exit     0x000000000010bd68       0x34 /home/thete/devkitPro/devkitARM/bin/../lib/gcc/arm-none-eabi/4.9.2/../../../../arm-none-eabi/lib/armv6k/fpu/libg.a(lib_a-exit.o)
                0x000000000010bd68                exit
 .text._fclose_r
                0x000000000010bd9c      0x118 /home/thete/devkitPro/devkitARM/bin/../lib/gcc/arm-none-eabi/4.9.2/../../../../arm-none-eabi/lib/armv6k/fpu/libg.a(lib_a-fclose.o)
                0x000000000010bd9c                _fclose_r
 .text.fclose   0x000000000010beb4       0x18 /home/thete/devkitPro/devkitARM/bin/../lib/gcc/arm-none-eabi/4.9.2/../../../../arm-none-eabi/lib/armv6k/fpu/libg.a(lib_a-fclose.o)
                0x000000000010beb4                fclose
 .text.__sflush_r
                0x000000000010becc      0x238 /home/thete/devkitPro/devkitARM/bin/../lib/gcc/arm-none-eabi/4.9.2/../../../../arm-none-eabi/lib/armv6k/fpu/libg.a(lib_a-fflush.o)
                0x000000000010becc                __sflush_r
 .text._fflush_r
                0x000000000010c104       0x98 /home/thete/devkitPro/devkitARM/bin/../lib/gcc/arm-none-eabi/4.9.2/../../../../arm-none-eabi/lib/armv6k/fpu/libg.a(lib_a-fflush.o)
                0x000000000010c104                _fflush_r
 .text.fflush   0x000000000010c19c       0x38 /home/thete/devkitPro/devkitARM/bin/../lib/gcc/arm-none-eabi/4.9.2/../../../../arm-none-eabi/lib/armv6k/fpu/libg.a(lib_a-fflush.o)
                0x000000000010c19c                fflush
 .text._cleanup_r
                0x000000000010c1d4        0xc /home/thete/devkitPro/devkitARM/bin/../lib/gcc/arm-none-eabi/4.9.2/../../../../arm-none-eabi/lib/armv6k/fpu/libg.a(lib_a-findfp.o)
                0x000000000010c1d4                _cleanup_r
 .text.__fp_lock
                0x000000000010c1e0       0x1c /home/thete/devkitPro/devkitARM/bin/../lib/gcc/arm-none-eabi/4.9.2/../../../../arm-none-eabi/lib/armv6k/fpu/libg.a(lib_a-findfp.o)
 .text.__fp_unlock
                0x000000000010c1fc       0x1c /home/thete/devkitPro/devkitARM/bin/../lib/gcc/arm-none-eabi/4.9.2/../../../../arm-none-eabi/lib/armv6k/fpu/libg.a(lib_a-findfp.o)
 .text.__sinit.part.1
                0x000000000010c218      0x15c /home/thete/devkitPro/devkitARM/bin/../lib/gcc/arm-none-eabi/4.9.2/../../../../arm-none-eabi/lib/armv6k/fpu/libg.a(lib_a-findfp.o)
 .text.__sfmoreglue
                0x000000000010c374       0x48 /home/thete/devkitPro/devkitARM/bin/../lib/gcc/arm-none-eabi/4.9.2/../../../../arm-none-eabi/lib/armv6k/fpu/libg.a(lib_a-findfp.o)
                0x000000000010c374                __sfmoreglue
 .text.__sfp    0x000000000010c3bc       0xe8 /home/thete/devkitPro/devkitARM/bin/../lib/gcc/arm-none-eabi/4.9.2/../../../../arm-none-eabi/lib/armv6k/fpu/libg.a(lib_a-findfp.o)
                0x000000000010c3bc                __sfp
 .text._cleanup
                0x000000000010c4a4       0x18 /home/thete/devkitPro/devkitARM/bin/../lib/gcc/arm-none-eabi/4.9.2/../../../../arm-none-eabi/lib/armv6k/fpu/libg.a(lib_a-findfp.o)
                0x000000000010c4a4                _cleanup
 .text.__sinit  0x000000000010c4bc       0x10 /home/thete/devkitPro/devkitARM/bin/../lib/gcc/arm-none-eabi/4.9.2/../../../../arm-none-eabi/lib/armv6k/fpu/libg.a(lib_a-findfp.o)
                0x000000000010c4bc                __sinit
 .text.__sfp_lock_acquire
                0x000000000010c4cc        0x4 /home/thete/devkitPro/devkitARM/bin/../lib/gcc/arm-none-eabi/4.9.2/../../../../arm-none-eabi/lib/armv6k/fpu/libg.a(lib_a-findfp.o)
                0x000000000010c4cc                __sfp_lock_acquire
 .text.__sfp_lock_release
                0x000000000010c4d0        0x4 /home/thete/devkitPro/devkitARM/bin/../lib/gcc/arm-none-eabi/4.9.2/../../../../arm-none-eabi/lib/armv6k/fpu/libg.a(lib_a-findfp.o)
                0x000000000010c4d0                __sfp_lock_release
 .text.__sinit_lock_acquire
                0x000000000010c4d4        0x4 /home/thete/devkitPro/devkitARM/bin/../lib/gcc/arm-none-eabi/4.9.2/../../../../arm-none-eabi/lib/armv6k/fpu/libg.a(lib_a-findfp.o)
                0x000000000010c4d4                __sinit_lock_acquire
 .text.__sinit_lock_release
                0x000000000010c4d8        0x4 /home/thete/devkitPro/devkitARM/bin/../lib/gcc/arm-none-eabi/4.9.2/../../../../arm-none-eabi/lib/armv6k/fpu/libg.a(lib_a-findfp.o)
                0x000000000010c4d8                __sinit_lock_release
 .text.__fp_lock_all
                0x000000000010c4dc       0x18 /home/thete/devkitPro/devkitARM/bin/../lib/gcc/arm-none-eabi/4.9.2/../../../../arm-none-eabi/lib/armv6k/fpu/libg.a(lib_a-findfp.o)
                0x000000000010c4dc                __fp_lock_all
 .text.__fp_unlock_all
                0x000000000010c4f4       0x18 /home/thete/devkitPro/devkitARM/bin/../lib/gcc/arm-none-eabi/4.9.2/../../../../arm-none-eabi/lib/armv6k/fpu/libg.a(lib_a-findfp.o)
                0x000000000010c4f4                __fp_unlock_all
 .text.__libc_fini_array
                0x000000000010c50c       0x40 /home/thete/devkitPro/devkitARM/bin/../lib/gcc/arm-none-eabi/4.9.2/../../../../arm-none-eabi/lib/armv6k/fpu/libg.a(lib_a-fini.o)
                0x000000000010c50c                __libc_fini_array
 .text._fopen_r
                0x000000000010c54c      0x130 /home/thete/devkitPro/devkitARM/bin/../lib/gcc/arm-none-eabi/4.9.2/../../../../arm-none-eabi/lib/armv6k/fpu/libg.a(lib_a-fopen.o)
                0x000000000010c54c                _fopen_r
 .text.fopen    0x000000000010c67c       0x20 /home/thete/devkitPro/devkitARM/bin/../lib/gcc/arm-none-eabi/4.9.2/../../../../arm-none-eabi/lib/armv6k/fpu/libg.a(lib_a-fopen.o)
                0x000000000010c67c                fopen
 .text._fread_r
                0x000000000010c69c      0x2f0 /home/thete/devkitPro/devkitARM/bin/../lib/gcc/arm-none-eabi/4.9.2/../../../../arm-none-eabi/lib/armv6k/fpu/libg.a(lib_a-fread.o)
                0x000000000010c69c                _fread_r
 .text.fread    0x000000000010c98c       0x38 /home/thete/devkitPro/devkitARM/bin/../lib/gcc/arm-none-eabi/4.9.2/../../../../arm-none-eabi/lib/armv6k/fpu/libg.a(lib_a-fread.o)
                0x000000000010c98c                fread
 .text._malloc_trim_r
                0x000000000010c9c4       0xf8 /home/thete/devkitPro/devkitARM/bin/../lib/gcc/arm-none-eabi/4.9.2/../../../../arm-none-eabi/lib/armv6k/fpu/libg.a(lib_a-freer.o)
                0x000000000010c9c4                _malloc_trim_r
 .text._free_r  0x000000000010cabc      0x2b4 /home/thete/devkitPro/devkitARM/bin/../lib/gcc/arm-none-eabi/4.9.2/../../../../arm-none-eabi/lib/armv6k/fpu/libg.a(lib_a-freer.o)
                0x000000000010cabc                _free_r
 .text._fseek_r
                0x000000000010cd70        0x4 /home/thete/devkitPro/devkitARM/bin/../lib/gcc/arm-none-eabi/4.9.2/../../../../arm-none-eabi/lib/armv6k/fpu/libg.a(lib_a-fseek.o)
                0x000000000010cd70                _fseek_r
 .text.fseek    0x000000000010cd74       0x28 /home/thete/devkitPro/devkitARM/bin/../lib/gcc/arm-none-eabi/4.9.2/../../../../arm-none-eabi/lib/armv6k/fpu/libg.a(lib_a-fseek.o)
                0x000000000010cd74                fseek
 .text._fseeko_r
                0x000000000010cd9c      0x4f8 /home/thete/devkitPro/devkitARM/bin/../lib/gcc/arm-none-eabi/4.9.2/../../../../arm-none-eabi/lib/armv6k/fpu/libg.a(lib_a-fseeko.o)
                0x000000000010cd9c                _fseeko_r
 .text.fseeko   0x000000000010d294       0x28 /home/thete/devkitPro/devkitARM/bin/../lib/gcc/arm-none-eabi/4.9.2/../../../../arm-none-eabi/lib/armv6k/fpu/libg.a(lib_a-fseeko.o)
                0x000000000010d294                fseeko
 .text._ftell_r
                0x000000000010d2bc        0x4 /home/thete/devkitPro/devkitARM/bin/../lib/gcc/arm-none-eabi/4.9.2/../../../../arm-none-eabi/lib/armv6k/fpu/libg.a(lib_a-ftell.o)
                0x000000000010d2bc                _ftell_r
 .text.ftell    0x000000000010d2c0       0x18 /home/thete/devkitPro/devkitARM/bin/../lib/gcc/arm-none-eabi/4.9.2/../../../../arm-none-eabi/lib/armv6k/fpu/libg.a(lib_a-ftell.o)
                0x000000000010d2c0                ftell
 .text._ftello_r
                0x000000000010d2d8      0x164 /home/thete/devkitPro/devkitARM/bin/../lib/gcc/arm-none-eabi/4.9.2/../../../../arm-none-eabi/lib/armv6k/fpu/libg.a(lib_a-ftello.o)
                0x000000000010d2d8                _ftello_r
 .text.ftello   0x000000000010d43c       0x18 /home/thete/devkitPro/devkitARM/bin/../lib/gcc/arm-none-eabi/4.9.2/../../../../arm-none-eabi/lib/armv6k/fpu/libg.a(lib_a-ftello.o)
                0x000000000010d43c                ftello
 .text._fwalk   0x000000000010d454       0x78 /home/thete/devkitPro/devkitARM/bin/../lib/gcc/arm-none-eabi/4.9.2/../../../../arm-none-eabi/lib/armv6k/fpu/libg.a(lib_a-fwalk.o)
                0x000000000010d454                _fwalk
 .text._fwalk_reent
                0x000000000010d4cc       0x80 /home/thete/devkitPro/devkitARM/bin/../lib/gcc/arm-none-eabi/4.9.2/../../../../arm-none-eabi/lib/armv6k/fpu/libg.a(lib_a-fwalk.o)
                0x000000000010d4cc                _fwalk_reent
 .text.__libc_init_array
                0x000000000010d54c       0x78 /home/thete/devkitPro/devkitARM/bin/../lib/gcc/arm-none-eabi/4.9.2/../../../../arm-none-eabi/lib/armv6k/fpu/libg.a(lib_a-init.o)
                0x000000000010d54c                __libc_init_array
 .text.iprintf  0x000000000010d5c4       0x38 /home/thete/devkitPro/devkitARM/bin/../lib/gcc/arm-none-eabi/4.9.2/../../../../arm-none-eabi/lib/armv6k/fpu/libg.a(lib_a-iprintf.o)
                0x000000000010d5c4                iprintf
 .text._iprintf_r
                0x000000000010d5fc       0x34 /home/thete/devkitPro/devkitARM/bin/../lib/gcc/arm-none-eabi/4.9.2/../../../../arm-none-eabi/lib/armv6k/fpu/libg.a(lib_a-iprintf.o)
                0x000000000010d5fc                _iprintf_r
 .text.__smakebuf_r
                0x000000000010d630      0x160 /home/thete/devkitPro/devkitARM/bin/../lib/gcc/arm-none-eabi/4.9.2/../../../../arm-none-eabi/lib/armv6k/fpu/libg.a(lib_a-makebuf.o)
                0x000000000010d630                __smakebuf_r
 .text.malloc   0x000000000010d790       0x18 /home/thete/devkitPro/devkitARM/bin/../lib/gcc/arm-none-eabi/4.9.2/../../../../arm-none-eabi/lib/armv6k/fpu/libg.a(lib_a-malloc.o)
                0x000000000010d790                malloc
 .text.free     0x000000000010d7a8       0x18 /home/thete/devkitPro/devkitARM/bin/../lib/gcc/arm-none-eabi/4.9.2/../../../../arm-none-eabi/lib/armv6k/fpu/libg.a(lib_a-malloc.o)
                0x000000000010d7a8                free
 .text._malloc_r
                0x000000000010d7c0      0x740 /home/thete/devkitPro/devkitARM/bin/../lib/gcc/arm-none-eabi/4.9.2/../../../../arm-none-eabi/lib/armv6k/fpu/libg.a(lib_a-mallocr.o)
                0x000000000010d7c0                _malloc_r
 .text.memcpy   0x000000000010df00       0xf4 /home/thete/devkitPro/devkitARM/bin/../lib/gcc/arm-none-eabi/4.9.2/../../../../arm-none-eabi/lib/armv6k/fpu/libg.a(lib_a-memcpy.o)
                0x000000000010df00                memcpy
 .text.memset   0x000000000010dff4       0xf0 /home/thete/devkitPro/devkitARM/bin/../lib/gcc/arm-none-eabi/4.9.2/../../../../arm-none-eabi/lib/armv6k/fpu/libg.a(lib_a-memset.o)
                0x000000000010dff4                memset
 .text.__malloc_lock
                0x000000000010e0e4        0x4 /home/thete/devkitPro/devkitARM/bin/../lib/gcc/arm-none-eabi/4.9.2/../../../../arm-none-eabi/lib/armv6k/fpu/libg.a(lib_a-mlock.o)
                0x000000000010e0e4                __malloc_lock
 .text.__malloc_unlock
                0x000000000010e0e8        0x4 /home/thete/devkitPro/devkitARM/bin/../lib/gcc/arm-none-eabi/4.9.2/../../../../arm-none-eabi/lib/armv6k/fpu/libg.a(lib_a-mlock.o)
                0x000000000010e0e8                __malloc_unlock
 .text._printf_r
                0x000000000010e0ec       0x34 /home/thete/devkitPro/devkitARM/bin/../lib/gcc/arm-none-eabi/4.9.2/../../../../arm-none-eabi/lib/armv6k/fpu/libg.a(lib_a-printf.o)
                0x000000000010e0ec                _printf_r
 .text.printf   0x000000000010e120       0x38 /home/thete/devkitPro/devkitARM/bin/../lib/gcc/arm-none-eabi/4.9.2/../../../../arm-none-eabi/lib/armv6k/fpu/libg.a(lib_a-printf.o)
                0x000000000010e120                printf
 .text._puts_r  0x000000000010e158       0xec /home/thete/devkitPro/devkitARM/bin/../lib/gcc/arm-none-eabi/4.9.2/../../../../arm-none-eabi/lib/armv6k/fpu/libg.a(lib_a-puts.o)
                0x000000000010e158                _puts_r
 .text.puts     0x000000000010e244       0x18 /home/thete/devkitPro/devkitARM/bin/../lib/gcc/arm-none-eabi/4.9.2/../../../../arm-none-eabi/lib/armv6k/fpu/libg.a(lib_a-puts.o)
                0x000000000010e244                puts
 .text.lflush   0x000000000010e25c       0x1c /home/thete/devkitPro/devkitARM/bin/../lib/gcc/arm-none-eabi/4.9.2/../../../../arm-none-eabi/lib/armv6k/fpu/libg.a(lib_a-refill.o)
 .text.__srefill_r
                0x000000000010e278      0x1d8 /home/thete/devkitPro/devkitARM/bin/../lib/gcc/arm-none-eabi/4.9.2/../../../../arm-none-eabi/lib/armv6k/fpu/libg.a(lib_a-refill.o)
                0x000000000010e278                __srefill_r
 .text.setvbuf  0x000000000010e450      0x1e8 /home/thete/devkitPro/devkitARM/bin/../lib/gcc/arm-none-eabi/4.9.2/../../../../arm-none-eabi/lib/armv6k/fpu/libg.a(lib_a-setvbuf.o)
                0x000000000010e450                setvbuf
 .text._sprintf_r
                0x000000000010e638       0x68 /home/thete/devkitPro/devkitARM/bin/../lib/gcc/arm-none-eabi/4.9.2/../../../../arm-none-eabi/lib/armv6k/fpu/libg.a(lib_a-sprintf.o)
                0x000000000010e638                _sprintf_r
 .text.sprintf  0x000000000010e6a0       0x68 /home/thete/devkitPro/devkitARM/bin/../lib/gcc/arm-none-eabi/4.9.2/../../../../arm-none-eabi/lib/armv6k/fpu/libg.a(lib_a-sprintf.o)
                0x000000000010e6a0                sprintf
 .text.sscanf   0x000000000010e708       0x74 /home/thete/devkitPro/devkitARM/bin/../lib/gcc/arm-none-eabi/4.9.2/../../../../arm-none-eabi/lib/armv6k/fpu/libg.a(lib_a-sscanf.o)
                0x000000000010e708                sscanf
 .text._sscanf_r
                0x000000000010e77c       0x80 /home/thete/devkitPro/devkitARM/bin/../lib/gcc/arm-none-eabi/4.9.2/../../../../arm-none-eabi/lib/armv6k/fpu/libg.a(lib_a-sscanf.o)
                0x000000000010e77c                _sscanf_r
 .text.__sread  0x000000000010e7fc       0x30 /home/thete/devkitPro/devkitARM/bin/../lib/gcc/arm-none-eabi/4.9.2/../../../../arm-none-eabi/lib/armv6k/fpu/libg.a(lib_a-stdio.o)
                0x000000000010e7fc                __sread
 .text.__seofread
                0x000000000010e82c        0x8 /home/thete/devkitPro/devkitARM/bin/../lib/gcc/arm-none-eabi/4.9.2/../../../../arm-none-eabi/lib/armv6k/fpu/libg.a(lib_a-stdio.o)
                0x000000000010e82c                __seofread
 .text.__swrite
                0x000000000010e834       0x54 /home/thete/devkitPro/devkitARM/bin/../lib/gcc/arm-none-eabi/4.9.2/../../../../arm-none-eabi/lib/armv6k/fpu/libg.a(lib_a-stdio.o)
                0x000000000010e834                __swrite
 .text.__sseek  0x000000000010e888       0x2c /home/thete/devkitPro/devkitARM/bin/../lib/gcc/arm-none-eabi/4.9.2/../../../../arm-none-eabi/lib/armv6k/fpu/libg.a(lib_a-stdio.o)
                0x000000000010e888                __sseek
 .text.__sclose
                0x000000000010e8b4        0x8 /home/thete/devkitPro/devkitARM/bin/../lib/gcc/arm-none-eabi/4.9.2/../../../../arm-none-eabi/lib/armv6k/fpu/libg.a(lib_a-stdio.o)
                0x000000000010e8b4                __sclose
 .text.strchr   0x000000000010e8bc      0x16c /home/thete/devkitPro/devkitARM/bin/../lib/gcc/arm-none-eabi/4.9.2/../../../../arm-none-eabi/lib/armv6k/fpu/libg.a(lib_a-strchr.o)
                0x000000000010e8bc                strchr
 .text.strcpy   0x000000000010ea28       0xf0 /home/thete/devkitPro/devkitARM/bin/../lib/gcc/arm-none-eabi/4.9.2/../../../../arm-none-eabi/lib/armv6k/fpu/libg.a(lib_a-strcpy.o)
                0x000000000010ea28                strcpy
 .text.strlen   0x000000000010eb18       0x5c /home/thete/devkitPro/devkitARM/bin/../lib/gcc/arm-none-eabi/4.9.2/../../../../arm-none-eabi/lib/armv6k/fpu/libg.a(lib_a-strlen.o)
                0x000000000010eb18                strlen
 .text.strncat  0x000000000010eb74       0xa4 /home/thete/devkitPro/devkitARM/bin/../lib/gcc/arm-none-eabi/4.9.2/../../../../arm-none-eabi/lib/armv6k/fpu/libg.a(lib_a-strncat.o)
                0x000000000010eb74                strncat
 .text.strncpy  0x000000000010ec18       0xe0 /home/thete/devkitPro/devkitARM/bin/../lib/gcc/arm-none-eabi/4.9.2/../../../../arm-none-eabi/lib/armv6k/fpu/libg.a(lib_a-strncpy.o)
                0x000000000010ec18                strncpy
 .text.get_arg  0x000000000010ecf8      0x860 /home/thete/devkitPro/devkitARM/bin/../lib/gcc/arm-none-eabi/4.9.2/../../../../arm-none-eabi/lib/armv6k/fpu/libg.a(lib_a-svfprintf.o)
 .text._svfprintf_r
                0x000000000010f558     0x4320 /home/thete/devkitPro/devkitARM/bin/../lib/gcc/arm-none-eabi/4.9.2/../../../../arm-none-eabi/lib/armv6k/fpu/libg.a(lib_a-svfprintf.o)
                0x000000000010f558                _svfprintf_r
 .text.__ssvfscanf_r
                0x0000000000113878     0x2aec /home/thete/devkitPro/devkitARM/bin/../lib/gcc/arm-none-eabi/4.9.2/../../../../arm-none-eabi/lib/armv6k/fpu/libg.a(lib_a-svfscanf.o)
                0x0000000000113878                __ssvfscanf_r
 .text.get_arg  0x0000000000116364      0x860 /home/thete/devkitPro/devkitARM/bin/../lib/gcc/arm-none-eabi/4.9.2/../../../../arm-none-eabi/lib/armv6k/fpu/libg.a(lib_a-vfiprintf.o)
 .text.__sprint_r.part.0
                0x0000000000116bc4       0xa4 /home/thete/devkitPro/devkitARM/bin/../lib/gcc/arm-none-eabi/4.9.2/../../../../arm-none-eabi/lib/armv6k/fpu/libg.a(lib_a-vfiprintf.o)
 .text.__sprint_r
                0x0000000000116c68       0x1c /home/thete/devkitPro/devkitARM/bin/../lib/gcc/arm-none-eabi/4.9.2/../../../../arm-none-eabi/lib/armv6k/fpu/libg.a(lib_a-vfiprintf.o)
                0x0000000000116c68                __sprint_r
 .text._vfiprintf_r
                0x0000000000116c84     0x3114 /home/thete/devkitPro/devkitARM/bin/../lib/gcc/arm-none-eabi/4.9.2/../../../../arm-none-eabi/lib/armv6k/fpu/libg.a(lib_a-vfiprintf.o)
                0x0000000000116c84                _vfiprintf_r
 .text.vfiprintf
                0x0000000000119d98       0x28 /home/thete/devkitPro/devkitARM/bin/../lib/gcc/arm-none-eabi/4.9.2/../../../../arm-none-eabi/lib/armv6k/fpu/libg.a(lib_a-vfiprintf.o)
                0x0000000000119d98                vfiprintf
 .text.__sbprintf
                0x0000000000119dc0       0xa8 /home/thete/devkitPro/devkitARM/bin/../lib/gcc/arm-none-eabi/4.9.2/../../../../arm-none-eabi/lib/armv6k/fpu/libg.a(lib_a-vfiprintf.o)
 .text.get_arg  0x0000000000119e68      0x860 /home/thete/devkitPro/devkitARM/bin/../lib/gcc/arm-none-eabi/4.9.2/../../../../arm-none-eabi/lib/armv6k/fpu/libg.a(lib_a-vfprintf.o)
 .text._vfprintf_r
                0x000000000011a6c8     0x4408 /home/thete/devkitPro/devkitARM/bin/../lib/gcc/arm-none-eabi/4.9.2/../../../../arm-none-eabi/lib/armv6k/fpu/libg.a(lib_a-vfprintf.o)
                0x000000000011a6c8                _vfprintf_r
 .text.vfprintf
                0x000000000011ead0       0x28 /home/thete/devkitPro/devkitARM/bin/../lib/gcc/arm-none-eabi/4.9.2/../../../../arm-none-eabi/lib/armv6k/fpu/libg.a(lib_a-vfprintf.o)
                0x000000000011ead0                vfprintf
 .text.__sbprintf
                0x000000000011eaf8       0xa8 /home/thete/devkitPro/devkitARM/bin/../lib/gcc/arm-none-eabi/4.9.2/../../../../arm-none-eabi/lib/armv6k/fpu/libg.a(lib_a-vfprintf.o)
 .text._wcrtomb_r
                0x000000000011eba0       0x8c /home/thete/devkitPro/devkitARM/bin/../lib/gcc/arm-none-eabi/4.9.2/../../../../arm-none-eabi/lib/armv6k/fpu/libg.a(lib_a-wcrtomb.o)
                0x000000000011eba0                _wcrtomb_r
 .text.wcrtomb  0x000000000011ec2c       0x94 /home/thete/devkitPro/devkitARM/bin/../lib/gcc/arm-none-eabi/4.9.2/../../../../arm-none-eabi/lib/armv6k/fpu/libg.a(lib_a-wcrtomb.o)
                0x000000000011ec2c                wcrtomb
 .text._wcsrtombs_r
                0x000000000011ecc0       0x20 /home/thete/devkitPro/devkitARM/bin/../lib/gcc/arm-none-eabi/4.9.2/../../../../arm-none-eabi/lib/armv6k/fpu/libg.a(lib_a-wcsrtombs.o)
                0x000000000011ecc0                _wcsrtombs_r
 .text.wcsrtombs
                0x000000000011ece0       0x3c /home/thete/devkitPro/devkitARM/bin/../lib/gcc/arm-none-eabi/4.9.2/../../../../arm-none-eabi/lib/armv6k/fpu/libg.a(lib_a-wcsrtombs.o)
                0x000000000011ece0                wcsrtombs
 .text.__utf8_wctomb
                0x000000000011ed1c      0x114 /home/thete/devkitPro/devkitARM/bin/../lib/gcc/arm-none-eabi/4.9.2/../../../../arm-none-eabi/lib/armv6k/fpu/libg.a(lib_a-wctomb_r.o)
                0x000000000011ed1c                __utf8_wctomb
 .text._wctomb_r
                0x000000000011ee30       0x48 /home/thete/devkitPro/devkitARM/bin/../lib/gcc/arm-none-eabi/4.9.2/../../../../arm-none-eabi/lib/armv6k/fpu/libg.a(lib_a-wctomb_r.o)
                0x000000000011ee30                _wctomb_r
 .text.__ascii_wctomb
                0x000000000011ee78       0x28 /home/thete/devkitPro/devkitARM/bin/../lib/gcc/arm-none-eabi/4.9.2/../../../../arm-none-eabi/lib/armv6k/fpu/libg.a(lib_a-wctomb_r.o)
                0x000000000011ee78                __ascii_wctomb
 .text.__sjis_wctomb
                0x000000000011eea0       0x84 /home/thete/devkitPro/devkitARM/bin/../lib/gcc/arm-none-eabi/4.9.2/../../../../arm-none-eabi/lib/armv6k/fpu/libg.a(lib_a-wctomb_r.o)
                0x000000000011eea0                __sjis_wctomb
 .text.__eucjp_wctomb
                0x000000000011ef24       0xc8 /home/thete/devkitPro/devkitARM/bin/../lib/gcc/arm-none-eabi/4.9.2/../../../../arm-none-eabi/lib/armv6k/fpu/libg.a(lib_a-wctomb_r.o)
                0x000000000011ef24                __eucjp_wctomb
 .text.__jis_wctomb
                0x000000000011efec       0xd4 /home/thete/devkitPro/devkitARM/bin/../lib/gcc/arm-none-eabi/4.9.2/../../../../arm-none-eabi/lib/armv6k/fpu/libg.a(lib_a-wctomb_r.o)
                0x000000000011efec                __jis_wctomb
 .text.__swsetup_r
                0x000000000011f0c0      0x14c /home/thete/devkitPro/devkitARM/bin/../lib/gcc/arm-none-eabi/4.9.2/../../../../arm-none-eabi/lib/armv6k/fpu/libg.a(lib_a-wsetup.o)
                0x000000000011f0c0                __swsetup_r
 .text.__call_exitprocs
                0x000000000011f20c      0x15c /home/thete/devkitPro/devkitARM/bin/../lib/gcc/arm-none-eabi/4.9.2/../../../../arm-none-eabi/lib/armv6k/fpu/libg.a(lib_a-__call_atexit.o)
                0x000000000011f20c                __call_exitprocs
 .text.__set_ctype
                0x000000000011f368       0x18 /home/thete/devkitPro/devkitARM/bin/../lib/gcc/arm-none-eabi/4.9.2/../../../../arm-none-eabi/lib/armv6k/fpu/libg.a(lib_a-ctype_.o)
                0x000000000011f368                __set_ctype
 .text.quorem   0x000000000011f380      0x1c0 /home/thete/devkitPro/devkitARM/bin/../lib/gcc/arm-none-eabi/4.9.2/../../../../arm-none-eabi/lib/armv6k/fpu/libg.a(lib_a-dtoa.o)
 .text._dtoa_r  0x000000000011f540     0x12e0 /home/thete/devkitPro/devkitARM/bin/../lib/gcc/arm-none-eabi/4.9.2/../../../../arm-none-eabi/lib/armv6k/fpu/libg.a(lib_a-dtoa.o)
                0x000000000011f540                _dtoa_r
 .text.__sflags
                0x0000000000120820       0xb0 /home/thete/devkitPro/devkitARM/bin/../lib/gcc/arm-none-eabi/4.9.2/../../../../arm-none-eabi/lib/armv6k/fpu/libg.a(lib_a-flags.o)
                0x0000000000120820                __sflags
 .text.__fputwc
                0x00000000001208d0      0x124 /home/thete/devkitPro/devkitARM/bin/../lib/gcc/arm-none-eabi/4.9.2/../../../../arm-none-eabi/lib/armv6k/fpu/libg.a(lib_a-fputwc.o)
                0x00000000001208d0                __fputwc
 .text._fputwc_r
                0x00000000001209f4       0xa8 /home/thete/devkitPro/devkitARM/bin/../lib/gcc/arm-none-eabi/4.9.2/../../../../arm-none-eabi/lib/armv6k/fpu/libg.a(lib_a-fputwc.o)
                0x00000000001209f4                _fputwc_r
 .text.fputwc   0x0000000000120a9c       0x3c /home/thete/devkitPro/devkitARM/bin/../lib/gcc/arm-none-eabi/4.9.2/../../../../arm-none-eabi/lib/armv6k/fpu/libg.a(lib_a-fputwc.o)
                0x0000000000120a9c                fputwc
 .text.__sfvwrite_r
                0x0000000000120ad8      0x4c4 /home/thete/devkitPro/devkitARM/bin/../lib/gcc/arm-none-eabi/4.9.2/../../../../arm-none-eabi/lib/armv6k/fpu/libg.a(lib_a-fvwrite.o)
                0x0000000000120ad8                __sfvwrite_r
 .text.iswspace
                0x0000000000120f9c       0x74 /home/thete/devkitPro/devkitARM/bin/../lib/gcc/arm-none-eabi/4.9.2/../../../../arm-none-eabi/lib/armv6k/fpu/libg.a(lib_a-iswspace.o)
                0x0000000000120f9c                iswspace
 .text.__jp2uc  0x0000000000121010      0x204 /home/thete/devkitPro/devkitARM/bin/../lib/gcc/arm-none-eabi/4.9.2/../../../../arm-none-eabi/lib/armv6k/fpu/libg.a(lib_a-jp2uc.o)
 .text._jp2uc   0x0000000000121214       0x84 /home/thete/devkitPro/devkitARM/bin/../lib/gcc/arm-none-eabi/4.9.2/../../../../arm-none-eabi/lib/armv6k/fpu/libg.a(lib_a-jp2uc.o)
                0x0000000000121214                _jp2uc
 .text.__get_locale_env
                0x0000000000121298       0x8c /home/thete/devkitPro/devkitARM/bin/../lib/gcc/arm-none-eabi/4.9.2/../../../../arm-none-eabi/lib/armv6k/fpu/libg.a(lib_a-locale.o)
 .text.loadlocale
                0x0000000000121324      0x8a4 /home/thete/devkitPro/devkitARM/bin/../lib/gcc/arm-none-eabi/4.9.2/../../../../arm-none-eabi/lib/armv6k/fpu/libg.a(lib_a-locale.o)
 .text.currentlocale
                0x0000000000121bc8       0x88 /home/thete/devkitPro/devkitARM/bin/../lib/gcc/arm-none-eabi/4.9.2/../../../../arm-none-eabi/lib/armv6k/fpu/libg.a(lib_a-locale.o)
 .text._setlocale_r
                0x0000000000121c50      0x300 /home/thete/devkitPro/devkitARM/bin/../lib/gcc/arm-none-eabi/4.9.2/../../../../arm-none-eabi/lib/armv6k/fpu/libg.a(lib_a-locale.o)
                0x0000000000121c50                _setlocale_r
 .text.__locale_charset
                0x0000000000121f50        0xc /home/thete/devkitPro/devkitARM/bin/../lib/gcc/arm-none-eabi/4.9.2/../../../../arm-none-eabi/lib/armv6k/fpu/libg.a(lib_a-locale.o)
                0x0000000000121f50                __locale_charset
 .text.__locale_mb_cur_max
                0x0000000000121f5c       0x10 /home/thete/devkitPro/devkitARM/bin/../lib/gcc/arm-none-eabi/4.9.2/../../../../arm-none-eabi/lib/armv6k/fpu/libg.a(lib_a-locale.o)
                0x0000000000121f5c                __locale_mb_cur_max
 .text.__locale_msgcharset
                0x0000000000121f6c        0xc /home/thete/devkitPro/devkitARM/bin/../lib/gcc/arm-none-eabi/4.9.2/../../../../arm-none-eabi/lib/armv6k/fpu/libg.a(lib_a-locale.o)
                0x0000000000121f6c                __locale_msgcharset
 .text.__locale_cjk_lang
                0x0000000000121f78       0x10 /home/thete/devkitPro/devkitARM/bin/../lib/gcc/arm-none-eabi/4.9.2/../../../../arm-none-eabi/lib/armv6k/fpu/libg.a(lib_a-locale.o)
                0x0000000000121f78                __locale_cjk_lang
 .text._localeconv_r
                0x0000000000121f88        0xc /home/thete/devkitPro/devkitARM/bin/../lib/gcc/arm-none-eabi/4.9.2/../../../../arm-none-eabi/lib/armv6k/fpu/libg.a(lib_a-locale.o)
                0x0000000000121f88                _localeconv_r
 .text.setlocale
                0x0000000000121f94       0x20 /home/thete/devkitPro/devkitARM/bin/../lib/gcc/arm-none-eabi/4.9.2/../../../../arm-none-eabi/lib/armv6k/fpu/libg.a(lib_a-locale.o)
                0x0000000000121f94                setlocale
 .text.localeconv
                0x0000000000121fb4       0x14 /home/thete/devkitPro/devkitARM/bin/../lib/gcc/arm-none-eabi/4.9.2/../../../../arm-none-eabi/lib/armv6k/fpu/libg.a(lib_a-locale.o)
                0x0000000000121fb4                localeconv
 .text._mbrtowc_r
                0x0000000000121fc8       0x98 /home/thete/devkitPro/devkitARM/bin/../lib/gcc/arm-none-eabi/4.9.2/../../../../arm-none-eabi/lib/armv6k/fpu/libg.a(lib_a-mbrtowc.o)
                0x0000000000121fc8                _mbrtowc_r
 .text.mbrtowc  0x0000000000122060       0x9c /home/thete/devkitPro/devkitARM/bin/../lib/gcc/arm-none-eabi/4.9.2/../../../../arm-none-eabi/lib/armv6k/fpu/libg.a(lib_a-mbrtowc.o)
                0x0000000000122060                mbrtowc
 .text.__utf8_mbtowc
                0x00000000001220fc      0x2fc /home/thete/devkitPro/devkitARM/bin/../lib/gcc/arm-none-eabi/4.9.2/../../../../arm-none-eabi/lib/armv6k/fpu/libg.a(lib_a-mbtowc_r.o)
                0x00000000001220fc                __utf8_mbtowc
 .text._mbtowc_r
                0x00000000001223f8       0x4c /home/thete/devkitPro/devkitARM/bin/../lib/gcc/arm-none-eabi/4.9.2/../../../../arm-none-eabi/lib/armv6k/fpu/libg.a(lib_a-mbtowc_r.o)
                0x00000000001223f8                _mbtowc_r
 .text.__ascii_mbtowc
                0x0000000000122444       0x4c /home/thete/devkitPro/devkitARM/bin/../lib/gcc/arm-none-eabi/4.9.2/../../../../arm-none-eabi/lib/armv6k/fpu/libg.a(lib_a-mbtowc_r.o)
                0x0000000000122444                __ascii_mbtowc
 .text.__sjis_mbtowc
                0x0000000000122490       0xd4 /home/thete/devkitPro/devkitARM/bin/../lib/gcc/arm-none-eabi/4.9.2/../../../../arm-none-eabi/lib/armv6k/fpu/libg.a(lib_a-mbtowc_r.o)
                0x0000000000122490                __sjis_mbtowc
 .text.__eucjp_mbtowc
                0x0000000000122564      0x140 /home/thete/devkitPro/devkitARM/bin/../lib/gcc/arm-none-eabi/4.9.2/../../../../arm-none-eabi/lib/armv6k/fpu/libg.a(lib_a-mbtowc_r.o)
                0x0000000000122564                __eucjp_mbtowc
 .text.__jis_mbtowc
                0x00000000001226a4      0x1a8 /home/thete/devkitPro/devkitARM/bin/../lib/gcc/arm-none-eabi/4.9.2/../../../../arm-none-eabi/lib/armv6k/fpu/libg.a(lib_a-mbtowc_r.o)
                0x00000000001226a4                __jis_mbtowc
 .text.memchr   0x000000000012284c      0x120 /home/thete/devkitPro/devkitARM/bin/../lib/gcc/arm-none-eabi/4.9.2/../../../../arm-none-eabi/lib/armv6k/fpu/libg.a(lib_a-memchr.o)
                0x000000000012284c                memchr
 .text.memmove  0x000000000012296c      0x12c /home/thete/devkitPro/devkitARM/bin/../lib/gcc/arm-none-eabi/4.9.2/../../../../arm-none-eabi/lib/armv6k/fpu/libg.a(lib_a-memmove.o)
                0x000000000012296c                memmove
 .text._Balloc  0x0000000000122a98       0x8c /home/thete/devkitPro/devkitARM/bin/../lib/gcc/arm-none-eabi/4.9.2/../../../../arm-none-eabi/lib/armv6k/fpu/libg.a(lib_a-mprec.o)
                0x0000000000122a98                _Balloc
 .text._Bfree   0x0000000000122b24       0x1c /home/thete/devkitPro/devkitARM/bin/../lib/gcc/arm-none-eabi/4.9.2/../../../../arm-none-eabi/lib/armv6k/fpu/libg.a(lib_a-mprec.o)
                0x0000000000122b24                _Bfree
 .text.__multadd
                0x0000000000122b40       0xd0 /home/thete/devkitPro/devkitARM/bin/../lib/gcc/arm-none-eabi/4.9.2/../../../../arm-none-eabi/lib/armv6k/fpu/libg.a(lib_a-mprec.o)
                0x0000000000122b40                __multadd
 .text.__s2b    0x0000000000122c10       0xe4 /home/thete/devkitPro/devkitARM/bin/../lib/gcc/arm-none-eabi/4.9.2/../../../../arm-none-eabi/lib/armv6k/fpu/libg.a(lib_a-mprec.o)
                0x0000000000122c10                __s2b
 .text.__hi0bits
                0x0000000000122cf4       0x5c /home/thete/devkitPro/devkitARM/bin/../lib/gcc/arm-none-eabi/4.9.2/../../../../arm-none-eabi/lib/armv6k/fpu/libg.a(lib_a-mprec.o)
                0x0000000000122cf4                __hi0bits
 .text.__lo0bits
                0x0000000000122d50       0x98 /home/thete/devkitPro/devkitARM/bin/../lib/gcc/arm-none-eabi/4.9.2/../../../../arm-none-eabi/lib/armv6k/fpu/libg.a(lib_a-mprec.o)
                0x0000000000122d50                __lo0bits
 .text.__i2b    0x0000000000122de8       0x20 /home/thete/devkitPro/devkitARM/bin/../lib/gcc/arm-none-eabi/4.9.2/../../../../arm-none-eabi/lib/armv6k/fpu/libg.a(lib_a-mprec.o)
                0x0000000000122de8                __i2b
 .text.__multiply
                0x0000000000122e08      0x1dc /home/thete/devkitPro/devkitARM/bin/../lib/gcc/arm-none-eabi/4.9.2/../../../../arm-none-eabi/lib/armv6k/fpu/libg.a(lib_a-mprec.o)
                0x0000000000122e08                __multiply
 .text.__pow5mult
                0x0000000000122fe4      0x100 /home/thete/devkitPro/devkitARM/bin/../lib/gcc/arm-none-eabi/4.9.2/../../../../arm-none-eabi/lib/armv6k/fpu/libg.a(lib_a-mprec.o)
                0x0000000000122fe4                __pow5mult
 .text.__lshift
                0x00000000001230e4       0xf4 /home/thete/devkitPro/devkitARM/bin/../lib/gcc/arm-none-eabi/4.9.2/../../../../arm-none-eabi/lib/armv6k/fpu/libg.a(lib_a-mprec.o)
                0x00000000001230e4                __lshift
 .text.__mcmp   0x00000000001231d8       0x64 /home/thete/devkitPro/devkitARM/bin/../lib/gcc/arm-none-eabi/4.9.2/../../../../arm-none-eabi/lib/armv6k/fpu/libg.a(lib_a-mprec.o)
                0x00000000001231d8                __mcmp
 .text.__mdiff  0x000000000012323c      0x13c /home/thete/devkitPro/devkitARM/bin/../lib/gcc/arm-none-eabi/4.9.2/../../../../arm-none-eabi/lib/armv6k/fpu/libg.a(lib_a-mprec.o)
                0x000000000012323c                __mdiff
 .text.__ulp    0x0000000000123378       0x74 /home/thete/devkitPro/devkitARM/bin/../lib/gcc/arm-none-eabi/4.9.2/../../../../arm-none-eabi/lib/armv6k/fpu/libg.a(lib_a-mprec.o)
                0x0000000000123378                __ulp
 .text.__b2d    0x00000000001233ec       0xe4 /home/thete/devkitPro/devkitARM/bin/../lib/gcc/arm-none-eabi/4.9.2/../../../../arm-none-eabi/lib/armv6k/fpu/libg.a(lib_a-mprec.o)
                0x00000000001233ec                __b2d
 .text.__d2b    0x00000000001234d0      0x104 /home/thete/devkitPro/devkitARM/bin/../lib/gcc/arm-none-eabi/4.9.2/../../../../arm-none-eabi/lib/armv6k/fpu/libg.a(lib_a-mprec.o)
                0x00000000001234d0                __d2b
 .text.__ratio  0x00000000001235d4       0x7c /home/thete/devkitPro/devkitARM/bin/../lib/gcc/arm-none-eabi/4.9.2/../../../../arm-none-eabi/lib/armv6k/fpu/libg.a(lib_a-mprec.o)
                0x00000000001235d4                __ratio
 .text._mprec_log10
                0x0000000000123650       0x48 /home/thete/devkitPro/devkitARM/bin/../lib/gcc/arm-none-eabi/4.9.2/../../../../arm-none-eabi/lib/armv6k/fpu/libg.a(lib_a-mprec.o)
                0x0000000000123650                _mprec_log10
 .text.__copybits
                0x0000000000123698       0x6c /home/thete/devkitPro/devkitARM/bin/../lib/gcc/arm-none-eabi/4.9.2/../../../../arm-none-eabi/lib/armv6k/fpu/libg.a(lib_a-mprec.o)
                0x0000000000123698                __copybits
 .text.__any_on
                0x0000000000123704       0x80 /home/thete/devkitPro/devkitARM/bin/../lib/gcc/arm-none-eabi/4.9.2/../../../../arm-none-eabi/lib/armv6k/fpu/libg.a(lib_a-mprec.o)
                0x0000000000123704                __any_on
 .text._realloc_r
                0x0000000000123784      0x564 /home/thete/devkitPro/devkitARM/bin/../lib/gcc/arm-none-eabi/4.9.2/../../../../arm-none-eabi/lib/armv6k/fpu/libg.a(lib_a-reallocr.o)
                0x0000000000123784                _realloc_r
 .text.__sccl   0x0000000000123ce8       0xd8 /home/thete/devkitPro/devkitARM/bin/../lib/gcc/arm-none-eabi/4.9.2/../../../../arm-none-eabi/lib/armv6k/fpu/libg.a(lib_a-sccl.o)
                0x0000000000123ce8                __sccl
 .text.nanf     0x0000000000123dc0        0xc /home/thete/devkitPro/devkitARM/bin/../lib/gcc/arm-none-eabi/4.9.2/../../../../arm-none-eabi/lib/armv6k/fpu/libg.a(lib_a-sf_nan.o)
                0x0000000000123dc0                nanf
 .text.__fpclassifyd
                0x0000000000123dcc       0x74 /home/thete/devkitPro/devkitARM/bin/../lib/gcc/arm-none-eabi/4.9.2/../../../../arm-none-eabi/lib/armv6k/fpu/libg.a(lib_a-s_fpclassify.o)
                0x0000000000123dcc                __fpclassifyd
 .text.frexp    0x0000000000123e40       0x98 /home/thete/devkitPro/devkitARM/bin/../lib/gcc/arm-none-eabi/4.9.2/../../../../arm-none-eabi/lib/armv6k/fpu/libg.a(lib_a-s_frexp.o)
                0x0000000000123e40                frexp
 .text.stpncpy  0x0000000000123ed8      0x108 /home/thete/devkitPro/devkitARM/bin/../lib/gcc/arm-none-eabi/4.9.2/../../../../arm-none-eabi/lib/armv6k/fpu/libg.a(lib_a-stpncpy.o)
                0x0000000000123ed8                stpncpy
 .text.strcasecmp
                0x0000000000123fe0       0x68 /home/thete/devkitPro/devkitARM/bin/../lib/gcc/arm-none-eabi/4.9.2/../../../../arm-none-eabi/lib/armv6k/fpu/libg.a(lib_a-strcasecmp.o)
                0x0000000000123fe0                strcasecmp
 .text.strcat   0x0000000000124048       0x80 /home/thete/devkitPro/devkitARM/bin/../lib/gcc/arm-none-eabi/4.9.2/../../../../arm-none-eabi/lib/armv6k/fpu/libg.a(lib_a-strcat.o)
                0x0000000000124048                strcat
 .text.strlcpy  0x00000000001240c8       0x48 /home/thete/devkitPro/devkitARM/bin/../lib/gcc/arm-none-eabi/4.9.2/../../../../arm-none-eabi/lib/armv6k/fpu/libg.a(lib_a-strlcpy.o)
                0x00000000001240c8                strlcpy
 .text.strncasecmp
                0x0000000000124110       0x8c /home/thete/devkitPro/devkitARM/bin/../lib/gcc/arm-none-eabi/4.9.2/../../../../arm-none-eabi/lib/armv6k/fpu/libg.a(lib_a-strncasecmp.o)
                0x0000000000124110                strncasecmp
 .text.strncmp  0x000000000012419c      0x110 /home/thete/devkitPro/devkitARM/bin/../lib/gcc/arm-none-eabi/4.9.2/../../../../arm-none-eabi/lib/armv6k/fpu/libg.a(lib_a-strncmp.o)
                0x000000000012419c                strncmp
 .text.unlikely.sulp
                0x00000000001242ac       0x58 /home/thete/devkitPro/devkitARM/bin/../lib/gcc/arm-none-eabi/4.9.2/../../../../arm-none-eabi/lib/armv6k/fpu/libg.a(lib_a-strtod.o)
 *fill*         0x0000000000124304        0x4 
 .text._strtod_r
                0x0000000000124308     0x13e8 /home/thete/devkitPro/devkitARM/bin/../lib/gcc/arm-none-eabi/4.9.2/../../../../arm-none-eabi/lib/armv6k/fpu/libg.a(lib_a-strtod.o)
                0x0000000000124308                _strtod_r
 .text.strtod   0x00000000001256f0       0x20 /home/thete/devkitPro/devkitARM/bin/../lib/gcc/arm-none-eabi/4.9.2/../../../../arm-none-eabi/lib/armv6k/fpu/libg.a(lib_a-strtod.o)
                0x00000000001256f0                strtod
 .text.strtof   0x0000000000125710       0x48 /home/thete/devkitPro/devkitARM/bin/../lib/gcc/arm-none-eabi/4.9.2/../../../../arm-none-eabi/lib/armv6k/fpu/libg.a(lib_a-strtod.o)
                0x0000000000125710                strtof
 .text._strtoll_r
                0x0000000000125758      0x2a0 /home/thete/devkitPro/devkitARM/bin/../lib/gcc/arm-none-eabi/4.9.2/../../../../arm-none-eabi/lib/armv6k/fpu/libg.a(lib_a-strtoll_r.o)
                0x0000000000125758                _strtoll_r
 .text._strtol_r
                0x00000000001259f8      0x1dc /home/thete/devkitPro/devkitARM/bin/../lib/gcc/arm-none-eabi/4.9.2/../../../../arm-none-eabi/lib/armv6k/fpu/libg.a(lib_a-strtol.o)
                0x00000000001259f8                _strtol_r
 .text.strtol   0x0000000000125bd4       0x28 /home/thete/devkitPro/devkitARM/bin/../lib/gcc/arm-none-eabi/4.9.2/../../../../arm-none-eabi/lib/armv6k/fpu/libg.a(lib_a-strtol.o)
                0x0000000000125bd4                strtol
 .text._strtoull_r
                0x0000000000125bfc      0x260 /home/thete/devkitPro/devkitARM/bin/../lib/gcc/arm-none-eabi/4.9.2/../../../../arm-none-eabi/lib/armv6k/fpu/libg.a(lib_a-strtoull_r.o)
                0x0000000000125bfc                _strtoull_r
 .text._strtoul_r
                0x0000000000125e5c      0x1cc /home/thete/devkitPro/devkitARM/bin/../lib/gcc/arm-none-eabi/4.9.2/../../../../arm-none-eabi/lib/armv6k/fpu/libg.a(lib_a-strtoul.o)
                0x0000000000125e5c                _strtoul_r
 .text.strtoul  0x0000000000126028       0x28 /home/thete/devkitPro/devkitARM/bin/../lib/gcc/arm-none-eabi/4.9.2/../../../../arm-none-eabi/lib/armv6k/fpu/libg.a(lib_a-strtoul.o)
                0x0000000000126028                strtoul
 .text.get_arg  0x0000000000126050      0x860 /home/thete/devkitPro/devkitARM/bin/../lib/gcc/arm-none-eabi/4.9.2/../../../../arm-none-eabi/lib/armv6k/fpu/libg.a(lib_a-svfiprintf.o)
 .text.__ssprint_r
                0x00000000001268b0      0x1a8 /home/thete/devkitPro/devkitARM/bin/../lib/gcc/arm-none-eabi/4.9.2/../../../../arm-none-eabi/lib/armv6k/fpu/libg.a(lib_a-svfiprintf.o)
                0x00000000001268b0                __ssprint_r
 .text._svfiprintf_r
                0x0000000000126a58     0x2fdc /home/thete/devkitPro/devkitARM/bin/../lib/gcc/arm-none-eabi/4.9.2/../../../../arm-none-eabi/lib/armv6k/fpu/libg.a(lib_a-svfiprintf.o)
                0x0000000000126a58                _svfiprintf_r
 .text._sungetc_r
                0x0000000000129a34       0xf0 /home/thete/devkitPro/devkitARM/bin/../lib/gcc/arm-none-eabi/4.9.2/../../../../arm-none-eabi/lib/armv6k/fpu/libg.a(lib_a-svfiscanf.o)
                0x0000000000129a34                _sungetc_r
 .text.__ssrefill_r
                0x0000000000129b24       0x6c /home/thete/devkitPro/devkitARM/bin/../lib/gcc/arm-none-eabi/4.9.2/../../../../arm-none-eabi/lib/armv6k/fpu/libg.a(lib_a-svfiscanf.o)
                0x0000000000129b24                __ssrefill_r
 .text._sfread_r
                0x0000000000129b90       0xc0 /home/thete/devkitPro/devkitARM/bin/../lib/gcc/arm-none-eabi/4.9.2/../../../../arm-none-eabi/lib/armv6k/fpu/libg.a(lib_a-svfiscanf.o)
                0x0000000000129b90                _sfread_r
 .text.__ssvfiscanf_r
                0x0000000000129c50     0x213c /home/thete/devkitPro/devkitARM/bin/../lib/gcc/arm-none-eabi/4.9.2/../../../../arm-none-eabi/lib/armv6k/fpu/libg.a(lib_a-svfiscanf.o)
                0x0000000000129c50                __ssvfiscanf_r
 .text.__submore
                0x000000000012bd8c       0xa8 /home/thete/devkitPro/devkitARM/bin/../lib/gcc/arm-none-eabi/4.9.2/../../../../arm-none-eabi/lib/armv6k/fpu/libg.a(lib_a-ungetc.o)
                0x000000000012bd8c                __submore
 .text._ungetc_r
                0x000000000012be34      0x238 /home/thete/devkitPro/devkitARM/bin/../lib/gcc/arm-none-eabi/4.9.2/../../../../arm-none-eabi/lib/armv6k/fpu/libg.a(lib_a-ungetc.o)
                0x000000000012be34                _ungetc_r
 .text.ungetc   0x000000000012c06c       0x20 /home/thete/devkitPro/devkitARM/bin/../lib/gcc/arm-none-eabi/4.9.2/../../../../arm-none-eabi/lib/armv6k/fpu/libg.a(lib_a-ungetc.o)
                0x000000000012c06c                ungetc
 .text.__swbuf_r
                0x000000000012c08c      0x124 /home/thete/devkitPro/devkitARM/bin/../lib/gcc/arm-none-eabi/4.9.2/../../../../arm-none-eabi/lib/armv6k/fpu/libg.a(lib_a-wbuf.o)
                0x000000000012c08c                __swbuf_r
 .text.__swbuf  0x000000000012c1b0       0x20 /home/thete/devkitPro/devkitARM/bin/../lib/gcc/arm-none-eabi/4.9.2/../../../../arm-none-eabi/lib/armv6k/fpu/libg.a(lib_a-wbuf.o)
                0x000000000012c1b0                __swbuf
 .text._wcsnrtombs_r
                0x000000000012c1d0      0x184 /home/thete/devkitPro/devkitARM/bin/../lib/gcc/arm-none-eabi/4.9.2/../../../../arm-none-eabi/lib/armv6k/fpu/libg.a(lib_a-wcsnrtombs.o)